Archive member included to satisfy reference by file (symbol)

C:\Users\chris\OneDrive\Desktop\NXP-Git\nxp-aes-proj\libs\libpower_hardabi.a(fsl_power_lib.o)
                              ./drivers/fsl_clock.o (POWER_SetVoltageForFreq)
c:/nxp/mcuxpressoide_11.3.1_5262/ide/plugins/com.nxp.mcuxpresso.tools.win32_11.3.0.202008311133/tools/bin/../lib/gcc/arm-none-eabi/9.3.1/../../../../arm-none-eabi/lib/thumb/v7e-m+fp/hard\libcr_semihost_nf.a(_cr__main.o)
                              ./startup/startup_lpc54628.o (__main)
c:/nxp/mcuxpressoide_11.3.1_5262/ide/plugins/com.nxp.mcuxpresso.tools.win32_11.3.0.202008311133/tools/bin/../lib/gcc/arm-none-eabi/9.3.1/../../../../arm-none-eabi/lib/thumb/v7e-m+fp/hard\libcr_c.a(memcpy.o)
                              ./utilities/fsl_str.o (memcpy)
c:/nxp/mcuxpressoide_11.3.1_5262/ide/plugins/com.nxp.mcuxpresso.tools.win32_11.3.0.202008311133/tools/bin/../lib/gcc/arm-none-eabi/9.3.1/../../../../arm-none-eabi/lib/thumb/v7e-m+fp/hard\libcr_c.a(memset.o)
                              ./freertos/freertos_kernel/stream_buffer.o (memset)
c:/nxp/mcuxpressoide_11.3.1_5262/ide/plugins/com.nxp.mcuxpresso.tools.win32_11.3.0.202008311133/tools/bin/../lib/gcc/arm-none-eabi/9.3.1/../../../../arm-none-eabi/lib/thumb/v7e-m+fp/hard\libcr_c.a(alloc.o)
                              ./drivers/fsl_common.o (malloc)
c:/nxp/mcuxpressoide_11.3.1_5262/ide/plugins/com.nxp.mcuxpresso.tools.win32_11.3.0.202008311133/tools/bin/../lib/gcc/arm-none-eabi/9.3.1/../../../../arm-none-eabi/lib/thumb/v7e-m+fp/hard\libcr_c.a(initio.o)
                              c:/nxp/mcuxpressoide_11.3.1_5262/ide/plugins/com.nxp.mcuxpresso.tools.win32_11.3.0.202008311133/tools/bin/../lib/gcc/arm-none-eabi/9.3.1/../../../../arm-none-eabi/lib/thumb/v7e-m+fp/hard\libcr_semihost_nf.a(_cr__main.o) (_initio)
c:/nxp/mcuxpressoide_11.3.1_5262/ide/plugins/com.nxp.mcuxpresso.tools.win32_11.3.0.202008311133/tools/bin/../lib/gcc/arm-none-eabi/9.3.1/../../../../arm-none-eabi/lib/thumb/v7e-m+fp/hard\libcr_c.a(printf.o)
                              ./utilities/fsl_assert.o (_printf)
c:/nxp/mcuxpressoide_11.3.1_5262/ide/plugins/com.nxp.mcuxpresso.tools.win32_11.3.0.202008311133/tools/bin/../lib/gcc/arm-none-eabi/9.3.1/../../../../arm-none-eabi/lib/thumb/v7e-m+fp/hard\libcr_c.a(scanf.o)
                              ./utilities/fsl_str.o (strtoul)
c:/nxp/mcuxpressoide_11.3.1_5262/ide/plugins/com.nxp.mcuxpresso.tools.win32_11.3.0.202008311133/tools/bin/../lib/gcc/arm-none-eabi/9.3.1/../../../../arm-none-eabi/lib/thumb/v7e-m+fp/hard\libcr_c.a(setvbuf.o)
                              c:/nxp/mcuxpressoide_11.3.1_5262/ide/plugins/com.nxp.mcuxpresso.tools.win32_11.3.0.202008311133/tools/bin/../lib/gcc/arm-none-eabi/9.3.1/../../../../arm-none-eabi/lib/thumb/v7e-m+fp/hard\libcr_c.a(initio.o) (setvbuf)
c:/nxp/mcuxpressoide_11.3.1_5262/ide/plugins/com.nxp.mcuxpresso.tools.win32_11.3.0.202008311133/tools/bin/../lib/gcc/arm-none-eabi/9.3.1/../../../../arm-none-eabi/lib/thumb/v7e-m+fp/hard\libcr_c.a(strlen.o)
                              ./utilities/fsl_str.o (strlen)
c:/nxp/mcuxpressoide_11.3.1_5262/ide/plugins/com.nxp.mcuxpresso.tools.win32_11.3.0.202008311133/tools/bin/../lib/gcc/arm-none-eabi/9.3.1/../../../../arm-none-eabi/lib/thumb/v7e-m+fp/hard\libcr_c.a(ungetc.o)
                              c:/nxp/mcuxpressoide_11.3.1_5262/ide/plugins/com.nxp.mcuxpresso.tools.win32_11.3.0.202008311133/tools/bin/../lib/gcc/arm-none-eabi/9.3.1/../../../../arm-none-eabi/lib/thumb/v7e-m+fp/hard\libcr_c.a(scanf.o) (ungetc)
c:/nxp/mcuxpressoide_11.3.1_5262/ide/plugins/com.nxp.mcuxpresso.tools.win32_11.3.0.202008311133/tools/bin/../lib/gcc/arm-none-eabi/9.3.1/../../../../arm-none-eabi/lib/thumb/v7e-m+fp/hard\libcr_c.a(__fillbuf.o)
                              c:/nxp/mcuxpressoide_11.3.1_5262/ide/plugins/com.nxp.mcuxpresso.tools.win32_11.3.0.202008311133/tools/bin/../lib/gcc/arm-none-eabi/9.3.1/../../../../arm-none-eabi/lib/thumb/v7e-m+fp/hard\libcr_c.a(scanf.o) (__filbuf)
c:/nxp/mcuxpressoide_11.3.1_5262/ide/plugins/com.nxp.mcuxpresso.tools.win32_11.3.0.202008311133/tools/bin/../lib/gcc/arm-none-eabi/9.3.1/../../../../arm-none-eabi/lib/thumb/v7e-m+fp/hard\libcr_c.a(__init_alloc.o)
                              c:/nxp/mcuxpressoide_11.3.1_5262/ide/plugins/com.nxp.mcuxpresso.tools.win32_11.3.0.202008311133/tools/bin/../lib/gcc/arm-none-eabi/9.3.1/../../../../arm-none-eabi/lib/thumb/v7e-m+fp/hard\libcr_c.a(alloc.o) (__heaps)
c:/nxp/mcuxpressoide_11.3.1_5262/ide/plugins/com.nxp.mcuxpresso.tools.win32_11.3.0.202008311133/tools/bin/../lib/gcc/arm-none-eabi/9.3.1/../../../../arm-none-eabi/lib/thumb/v7e-m+fp/hard\libcr_c.a(_cr_sbrk.o)
                              c:/nxp/mcuxpressoide_11.3.1_5262/ide/plugins/com.nxp.mcuxpresso.tools.win32_11.3.0.202008311133/tools/bin/../lib/gcc/arm-none-eabi/9.3.1/../../../../arm-none-eabi/lib/thumb/v7e-m+fp/hard\libcr_c.a(alloc.o) (_sbrk)
[...]
Memory Configuration

Name             Origin             Length             Attributes
PROGRAM_FLASH    0x00000000         0x00080000         xr
BOARD_FLASH      0x10000000         0x01000000         xr
SRAM_UPPER       0x20000000         0x00028000         xrw
SRAMX            0x04000000         0x00008000         xrw
USB_RAM          0x40100000         0x00002000         xrw
BOARD_SDRAM      0xa0000000         0x01000000         xrw
*default*        0x00000000         0xffffffff

Linker script and memory map

LOAD ./utilities/fsl_assert.o
LOAD ./utilities/fsl_debug_console.o
LOAD ./utilities/fsl_str.o
LOAD ./startup/startup_lpc54628.o
LOAD ./source/servo/servo.o
LOAD ./source/rpmMeas/rpmMeas.o
LOAD ./source/drive/drive.o
LOAD ./source/camera/camera.o
LOAD ./source/board/board_func.o
LOAD ./source/main_gustl.o
LOAD ./source/semihost_hardfault.o
LOAD ./freertos/freertos_kernel/portable/MemMang/heap_4.o
LOAD ./freertos/freertos_kernel/portable/GCC/ARM_CM4F/port.o
LOAD ./freertos/freertos_kernel/croutine.o
LOAD ./freertos/freertos_kernel/event_groups.o
LOAD ./freertos/freertos_kernel/list.o
LOAD ./freertos/freertos_kernel/queue.o
LOAD ./freertos/freertos_kernel/stream_buffer.o
LOAD ./freertos/freertos_kernel/tasks.o
LOAD ./freertos/freertos_kernel/timers.o
LOAD ./drivers/fsl_clock.o
LOAD ./drivers/fsl_common.o
LOAD ./drivers/fsl_ctimer.o
LOAD ./drivers/fsl_dma.o
LOAD ./drivers/fsl_emc.o
LOAD ./drivers/fsl_flexcomm.o
LOAD ./drivers/fsl_gpio.o
LOAD ./drivers/fsl_i2c.o
LOAD ./drivers/fsl_i2c_dma.o
LOAD ./drivers/fsl_power.o
LOAD ./drivers/fsl_reset.o
LOAD ./drivers/fsl_rit.o
LOAD ./drivers/fsl_sctimer.o
LOAD ./drivers/fsl_usart.o
LOAD ./device/system_LPC54628.o
LOAD ./component/uart/usart_adapter.o
LOAD ./component/serial_manager/serial_manager.o
LOAD ./component/serial_manager/serial_port_uart.o
LOAD ./component/lists/generic_list.o
LOAD ./board/board.o
LOAD ./board/clock_config.o
LOAD ./board/peripherals.o
LOAD ./board/pin_mux.o
LOAD C:\Users\chris\OneDrive\Desktop\NXP-Git\nxp-aes-proj\libs\libpower_hardabi.a
START GROUP
LOAD c:/nxp/mcuxpressoide_11.3.1_5262/ide/plugins/com.nxp.mcuxpresso.tools.win32_11.3.0.202008311133/tools/bin/../lib/gcc/arm-none-eabi/9.3.1/../../../../arm-none-eabi/lib/thumb/v7e-m+fp/hard\libcr_semihost_nf.a
LOAD c:/nxp/mcuxpressoide_11.3.1_5262/ide/plugins/com.nxp.mcuxpresso.tools.win32_11.3.0.202008311133/tools/bin/../lib/gcc/arm-none-eabi/9.3.1/../../../../arm-none-eabi/lib/thumb/v7e-m+fp/hard\libcr_c.a
LOAD c:/nxp/mcuxpressoide_11.3.1_5262/ide/plugins/com.nxp.mcuxpresso.tools.win32_11.3.0.202008311133/tools/bin/../lib/gcc/arm-none-eabi/9.3.1/thumb/v7e-m+fp/hard\libcr_eabihelpers.a
LOAD c:/nxp/mcuxpressoide_11.3.1_5262/ide/plugins/com.nxp.mcuxpresso.tools.win32_11.3.0.202008311133/tools/bin/../lib/gcc/arm-none-eabi/9.3.1/thumb/v7e-m+fp/hard\libgcc.a
END GROUP
                0x00000000                __base_PROGRAM_FLASH = 0x0
                0x00000000                __base_Flash = 0x0
                0x00080000                __top_PROGRAM_FLASH = 0x80000
                0x00080000                __top_Flash = 0x80000
                0x10000000                __base_BOARD_FLASH = 0x10000000
                0x10000000                __base_Flash2 = 0x10000000
                0x11000000                __top_BOARD_FLASH = 0x11000000
                0x11000000                __top_Flash2 = 0x11000000
                0x20000000                __base_SRAM_UPPER = 0x20000000
                0x20000000                __base_RAM = 0x20000000
                0x20028000                __top_SRAM_UPPER = 0x20028000
                0x20028000                __top_RAM = 0x20028000
                0x04000000                __base_SRAMX = 0x4000000
                0x04000000                __base_RAM2 = 0x4000000
                0x04008000                __top_SRAMX = 0x4008000
                0x04008000                __top_RAM2 = 0x4008000
                0x40100000                __base_USB_RAM = 0x40100000
                0x40100000                __base_RAM3 = 0x40100000
                0x40102000                __top_USB_RAM = 0x40102000
                0x40102000                __top_RAM3 = 0x40102000
                0xa0000000                __base_BOARD_SDRAM = 0xa0000000
                0xa0000000                __base_RAM4 = 0xa0000000
                0xa1000000                __top_BOARD_SDRAM = 0xa1000000
                0xa1000000                __top_RAM4 = 0xa1000000

.text_Flash2    0x10000000        0x0
 FILL mask 0xff
 *(SORT_BY_ALIGNMENT(.text_Flash2))
 *(SORT_BY_ALIGNMENT(.text_BOARD_FLASH))
 *(SORT_BY_ALIGNMENT(.text.$Flash2))
 *(SORT_BY_ALIGNMENT(.text.$BOARD_FLASH))
 *(SORT_BY_ALIGNMENT(.text_Flash2.*))
 *(SORT_BY_ALIGNMENT(.text_BOARD_FLASH.*))
 *(SORT_BY_ALIGNMENT(.text.$Flash2.*))
 *(SORT_BY_ALIGNMENT(.text.$BOARD_FLASH.*))
 *(SORT_BY_ALIGNMENT(.rodata.$Flash2))
 *(SORT_BY_ALIGNMENT(.rodata.$BOARD_FLASH))
 *(SORT_BY_ALIGNMENT(.rodata.$Flash2.*))
 *(SORT_BY_ALIGNMENT(.rodata.$BOARD_FLASH.*))

.text           0x00000000     0x6618
 FILL mask 0xff
                0x00000000                __vectors_start__ = ABSOLUTE (.)
 *(SORT_BY_ALIGNMENT(.isr_vector))
 .isr_vector    0x00000000      0x124 ./startup/startup_lpc54628.o
                0x00000000                g_pfnVectors
                0x00000000                __Vectors
                0x00000124                . = ALIGN (0x4)
                0x00000124                __section_table_start = .
                0x00000124                __data_section_table = .
                0x00000124        0x4 LONG 0x6618 LOADADDR (.data)
                0x00000128        0x4 LONG 0x20000000 ADDR (.data)
                0x0000012c        0x4 LONG 0x2c SIZEOF (.data)
                0x00000130        0x4 LONG 0x6618 LOADADDR (.data_RAM2)
                0x00000134        0x4 LONG 0x4000000 ADDR (.data_RAM2)
                0x00000138        0x4 LONG 0x0 SIZEOF (.data_RAM2)
                0x0000013c        0x4 LONG 0x6618 LOADADDR (.data_RAM3)
                0x00000140        0x4 LONG 0x40100000 ADDR (.data_RAM3)
                0x00000144        0x4 LONG 0x0 SIZEOF (.data_RAM3)
                0x00000148        0x4 LONG 0x6618 LOADADDR (.data_RAM4)
                0x0000014c        0x4 LONG 0xa0000000 ADDR (.data_RAM4)
                0x00000150        0x4 LONG 0x0 SIZEOF (.data_RAM4)
                0x00000154                __data_section_table_end = .
                0x00000154                __bss_section_table = .
                0x00000154        0x4 LONG 0x2000002c ADDR (.bss)
                0x00000158        0x4 LONG 0x2bd4 SIZEOF (.bss)
                0x0000015c        0x4 LONG 0x4000000 ADDR (.bss_RAM2)
                0x00000160        0x4 LONG 0x0 SIZEOF (.bss_RAM2)
                0x00000164        0x4 LONG 0x40100000 ADDR (.bss_RAM3)
                0x00000168        0x4 LONG 0x0 SIZEOF (.bss_RAM3)
                0x0000016c        0x4 LONG 0xa0000000 ADDR (.bss_RAM4)
                0x00000170        0x4 LONG 0x0 SIZEOF (.bss_RAM4)
                0x00000174                __bss_section_table_end = .
                0x00000174                __section_table_end = .
 *(SORT_BY_ALIGNMENT(.after_vectors*))
 .after_vectors.reset
                0x00000174       0x58 ./startup/startup_lpc54628.o
                0x00000174                ResetISR
 .after_vectors.init_data
                0x000001cc       0x1e ./startup/startup_lpc54628.o
                0x000001cc                data_init
 .after_vectors.init_bss
                0x000001ea       0x12 ./startup/startup_lpc54628.o
                0x000001ea                bss_init
 .after_vectors
                0x000001fc       0x14 ./startup/startup_lpc54628.o
                0x000001fc                NMI_Handler
                0x00000200                MemManage_Handler
                0x00000202                BusFault_Handler
                0x00000204                UsageFault_Handler
                0x00000208                DebugMon_Handler
                0x0000020e                PIN_INT3_DriverIRQHandler
                0x0000020e                PIN_INT2_DriverIRQHandler
                0x0000020e                ETHERNET_DriverIRQHandler
                0x0000020e                PIN_INT0_DriverIRQHandler
                0x0000020e                SPIFI0_DriverIRQHandler
                0x0000020e                CAN0_IRQ0_DriverIRQHandler
                0x0000020e                IntDefaultHandler
                0x0000020e                USB0_DriverIRQHandler
                0x0000020e                MRT0_DriverIRQHandler
                0x0000020e                UTICK0_DriverIRQHandler
                0x0000020e                DMIC0_DriverIRQHandler
                0x0000020e                PIN_INT4_DriverIRQHandler
                0x0000020e                PIN_INT5_DriverIRQHandler
                0x0000020e                CAN1_IRQ0_DriverIRQHandler
                0x0000020e                Reserved47_DriverIRQHandler
                0x0000020e                ADC0_THCMP_DriverIRQHandler
                0x0000020e                GINT1_DriverIRQHandler
                0x0000020e                RIT_DriverIRQHandler
                0x0000020e                CAN0_IRQ1_DriverIRQHandler
                0x0000020e                USB0_NEEDCLK_DriverIRQHandler
                0x0000020e                ADC0_SEQB_DriverIRQHandler
                0x0000020e                PIN_INT6_DriverIRQHandler
                0x0000020e                ETHERNET_MACLP_DriverIRQHandler
                0x0000020e                PIN_INT1_DriverIRQHandler
                0x0000020e                HWVAD0_DriverIRQHandler
                0x0000020e                RTC_DriverIRQHandler
                0x0000020e                LCD_DriverIRQHandler
                0x0000020e                EEPROM_DriverIRQHandler
                0x0000020e                ETHERNET_PMT_DriverIRQHandler
                0x0000020e                USB1_DriverIRQHandler
                0x0000020e                CAN1_IRQ1_DriverIRQHandler
                0x0000020e                ADC0_SEQA_DriverIRQHandler
                0x0000020e                USB1_NEEDCLK_DriverIRQHandler
                0x0000020e                SMARTCARD0_DriverIRQHandler
                0x0000020e                SDIO_DriverIRQHandler
                0x0000020e                SHA_DriverIRQHandler
                0x0000020e                GINT0_DriverIRQHandler
                0x0000020e                SMARTCARD1_DriverIRQHandler
                0x0000020e                PIN_INT7_DriverIRQHandler
                0x0000020e                Reserved46_DriverIRQHandler
                0x0000020e                WDT_BOD_DriverIRQHandler
 *(SORT_BY_ALIGNMENT(.text*))
 .text.SVC_Handler
                0x00000210       0x28 ./freertos/freertos_kernel/portable/GCC/ARM_CM4F/port.o
                0x00000210                SVC_Handler
 *fill*         0x00000238        0x8 ff
 .text.PendSV_Handler
                0x00000240       0x68 ./freertos/freertos_kernel/portable/GCC/ARM_CM4F/port.o
                0x00000240                PendSV_Handler
 .text.__assertion_failed
                0x000002a8       0x18 ./utilities/fsl_assert.o
                0x000002a8                __assertion_failed
 .text.SERVO_Init
                0x000002c0       0x98 ./source/servo/servo.o
                0x000002c0                SERVO_Init
 .text.CTIMER1_Init
                0x00000358       0x38 ./source/servo/servo.o
                0x00000358                CTIMER1_Init
 .text.SERVO_Demo
                0x00000390       0x48 ./source/servo/servo.o
                0x00000390                SERVO_Demo
 .text.RPMMEAS_Init
                0x000003d8       0x74 ./source/rpmMeas/rpmMeas.o
                0x000003d8                RPMMEAS_Init
 .text.CTIMER2_Init
                0x0000044c       0x44 ./source/rpmMeas/rpmMeas.o
                0x0000044c                CTIMER2_Init
 .text.BLDC_Init
                0x00000490       0xd8 ./source/drive/drive.o
                0x00000490                BLDC_Init
 .text.CTIMER3_Init
                0x00000568       0x48 ./source/drive/drive.o
                0x00000568                CTIMER3_Init
 .text.ESC_Init_Task
                0x000005b0       0x60 ./source/drive/drive.o
                0x000005b0                ESC_Init_Task
 .text.__NVIC_EnableIRQ
                0x00000610       0x3c ./source/camera/camera.o
 .text.__NVIC_SetPriority
                0x0000064c       0x54 ./source/camera/camera.o
 .text.CAM_Init
                0x000006a0       0x30 ./source/camera/camera.o
                0x000006a0                CAM_Init
 .text.CTIMER0_Init
                0x000006d0       0x4c ./source/camera/camera.o
                0x000006d0                CTIMER0_Init
 .text.SCTimer_Clock_Config
                0x0000071c       0x74 ./source/camera/camera.o
                0x0000071c                SCTimer_Clock_Config
 .text.SCTimer_CamCLK_Init
                0x00000790       0x9c ./source/camera/camera.o
                0x00000790                SCTimer_CamCLK_Init
 .text.SCTimer_SIEvents_Init
                0x0000082c       0x98 ./source/camera/camera.o
                0x0000082c                SCTimer_SIEvents_Init
 .text.CTIMER0_IRQHandler
                0x000008c4       0x54 ./source/camera/camera.o
                0x000008c4                CTIMER0_IRQHandler
 .text.SCTimer_ADCTrigger_Init
                0x00000918       0x40 ./source/camera/camera.o
                0x00000918                SCTimer_ADCTrigger_Init
 .text.ADC_Calibration
                0x00000958       0x6c ./source/camera/camera.o
                0x00000958                ADC_Calibration
 .text.ADC_Config
                0x000009c4      0x15c ./source/camera/camera.o
                0x000009c4                ADC_Config
 .text.ADC0_SEQA_IRQHandler
                0x00000b20       0x58 ./source/camera/camera.o
                0x00000b20                ADC0_SEQA_IRQHandler
 .text.LED_Blink_Task
                0x00000b78       0x24 ./source/board/board_func.o
                0x00000b78                LED_Blink_Task
 .text.Board_Init
                0x00000b9c       0x30 ./source/board/board_func.o
                0x00000b9c                Board_Init
 .text.CLKOUT_Init
                0x00000bcc       0x64 ./source/board/board_func.o
                0x00000bcc                CLKOUT_Init
 .text.main     0x00000c30       0x68 ./source/main_gustl.o
                0x00000c30                main
 .text.pvPortMalloc
                0x00000c98      0x198 ./freertos/freertos_kernel/portable/MemMang/heap_4.o
                0x00000c98                pvPortMalloc
 .text.vPortFree
                0x00000e30       0xc4 ./freertos/freertos_kernel/portable/MemMang/heap_4.o
                0x00000e30                vPortFree
 .text.prvHeapInit
                0x00000ef4       0xc4 ./freertos/freertos_kernel/portable/MemMang/heap_4.o
 .text.prvInsertBlockIntoFreeList
                0x00000fb8       0xb4 ./freertos/freertos_kernel/portable/MemMang/heap_4.o
 .text.pxPortInitialiseStack
                0x0000106c       0x68 ./freertos/freertos_kernel/portable/GCC/ARM_CM4F/port.o
                0x0000106c                pxPortInitialiseStack
 .text.prvTaskExitError
                0x000010d4       0x58 ./freertos/freertos_kernel/portable/GCC/ARM_CM4F/port.o
 .text.prvPortStartFirstTask
                0x0000112c       0x28 ./freertos/freertos_kernel/portable/GCC/ARM_CM4F/port.o
 .text.xPortStartScheduler
                0x00001154      0x144 ./freertos/freertos_kernel/portable/GCC/ARM_CM4F/port.o
                0x00001154                xPortStartScheduler
 .text.vPortEnterCritical
                0x00001298       0x60 ./freertos/freertos_kernel/portable/GCC/ARM_CM4F/port.o
                0x00001298                vPortEnterCritical
 .text.vPortExitCritical
                0x000012f8       0x54 ./freertos/freertos_kernel/portable/GCC/ARM_CM4F/port.o
                0x000012f8                vPortExitCritical
 .text.SysTick_Handler
                0x0000134c       0x44 ./freertos/freertos_kernel/portable/GCC/ARM_CM4F/port.o
                0x0000134c                SysTick_Handler
 .text.vPortSetupTimerInterrupt
                0x00001390       0x48 ./freertos/freertos_kernel/portable/GCC/ARM_CM4F/port.o
                0x00001390                vPortSetupTimerInterrupt
 .text.vPortEnableVFP
                0x000013d8       0x14 ./freertos/freertos_kernel/portable/GCC/ARM_CM4F/port.o
 .text.vPortValidateInterruptPriority
                0x000013ec       0x80 ./freertos/freertos_kernel/portable/GCC/ARM_CM4F/port.o
                0x000013ec                vPortValidateInterruptPriority
 .text.xQueueGenericReset
                0x0000146c       0xd0 ./freertos/freertos_kernel/queue.o
                0x0000146c                xQueueGenericReset
 .text.xQueueGenericSend
                0x0000153c      0x1fc ./freertos/freertos_kernel/queue.o
                0x0000153c                xQueueGenericSend
 .text.xQueueReceive
                0x00001738      0x1c0 ./freertos/freertos_kernel/queue.o
                0x00001738                xQueueReceive
 .text.vQueueAddToRegistry
                0x000018f8       0x54 ./freertos/freertos_kernel/queue.o
                0x000018f8                vQueueAddToRegistry
 .text.prvAddNewTaskToReadyList
                0x0000194c       0xdc ./freertos/freertos_kernel/tasks.o
 .text.vTaskDelay
                0x00001a28       0x68 ./freertos/freertos_kernel/tasks.o
                0x00001a28                vTaskDelay
 .text.vTaskSuspend
                0x00001a90      0x124 ./freertos/freertos_kernel/tasks.o
                0x00001a90                vTaskSuspend
 .text.vTaskStartScheduler
                0x00001bb4       0x9c ./freertos/freertos_kernel/tasks.o
                0x00001bb4                vTaskStartScheduler
 .text.vTaskSuspendAll
                0x00001c50       0x1c ./freertos/freertos_kernel/tasks.o
                0x00001c50                vTaskSuspendAll
 .text.xTaskResumeAll
                0x00001c6c      0x138 ./freertos/freertos_kernel/tasks.o
                0x00001c6c                xTaskResumeAll
 .text.xTaskGetTickCount
                0x00001da4       0x20 ./freertos/freertos_kernel/tasks.o
                0x00001da4                xTaskGetTickCount
 .text.xTaskIncrementTick
                0x00001dc4      0x154 ./freertos/freertos_kernel/tasks.o
                0x00001dc4                xTaskIncrementTick
 .text.vTaskSwitchContext
                0x00001f18       0xb8 ./freertos/freertos_kernel/tasks.o
                0x00001f18                vTaskSwitchContext
 .text.vTaskPlaceOnEventList
                0x00001fd0       0x48 ./freertos/freertos_kernel/tasks.o
                0x00001fd0                vTaskPlaceOnEventList
 .text.vTaskPlaceOnEventListRestricted
                0x00002018       0x58 ./freertos/freertos_kernel/tasks.o
                0x00002018                vTaskPlaceOnEventListRestricted
 .text.xTaskRemoveFromEventList
                0x00002070       0xc4 ./freertos/freertos_kernel/tasks.o
                0x00002070                xTaskRemoveFromEventList
 .text.vTaskInternalSetTimeOutState
                0x00002134       0x2c ./freertos/freertos_kernel/tasks.o
                0x00002134                vTaskInternalSetTimeOutState
 .text.xTaskCheckForTimeOut
                0x00002160       0xc4 ./freertos/freertos_kernel/tasks.o
                0x00002160                xTaskCheckForTimeOut
 .text.vTaskMissedYield
                0x00002224       0x18 ./freertos/freertos_kernel/tasks.o
                0x00002224                vTaskMissedYield
 .text.prvIdleTask
                0x0000223c       0x30 ./freertos/freertos_kernel/tasks.o
 .text.prvInitialiseTaskLists
                0x0000226c       0x80 ./freertos/freertos_kernel/tasks.o
 .text.prvCheckTasksWaitingTermination
                0x000022ec       0x5c ./freertos/freertos_kernel/tasks.o
 .text.prvResetNextTaskUnblockTime
                0x00002348       0x40 ./freertos/freertos_kernel/tasks.o
 .text.xTaskGetSchedulerState
                0x00002388       0x3c ./freertos/freertos_kernel/tasks.o
                0x00002388                xTaskGetSchedulerState
 .text.xTaskPriorityDisinherit
                0x000023c4      0x10c ./freertos/freertos_kernel/tasks.o
                0x000023c4                xTaskPriorityDisinherit
 .text.prvAddCurrentTaskToDelayedList
                0x000024d0       0xcc ./freertos/freertos_kernel/tasks.o
 .text.xTimerCreateTimerTask
                0x0000259c       0x64 ./freertos/freertos_kernel/timers.o
                0x0000259c                xTimerCreateTimerTask
 .text.xTimerGenericCommand
                0x00002600       0x9c ./freertos/freertos_kernel/timers.o
                0x00002600                xTimerGenericCommand
 .text.prvProcessExpiredTimer
                0x0000269c       0x98 ./freertos/freertos_kernel/timers.o
 .text.prvProcessTimerOrBlockTask
                0x00002734       0x9c ./freertos/freertos_kernel/timers.o
 .text.prvGetNextExpireTime
                0x000027d0       0x48 ./freertos/freertos_kernel/timers.o
 .text.prvSampleTimeNow
                0x00002818       0x40 ./freertos/freertos_kernel/timers.o
 .text.prvInsertTimerInActiveList
                0x00002858       0x84 ./freertos/freertos_kernel/timers.o
 .text.prvProcessReceivedCommands
                0x000028dc      0x1c4 ./freertos/freertos_kernel/timers.o
 .text.prvSwitchTimerLists
                0x00002aa0       0xc8 ./freertos/freertos_kernel/timers.o
 .text.prvCheckForValidListAndQueue
                0x00002b68       0x6c ./freertos/freertos_kernel/timers.o
 .text.CLOCK_AttachClk
                0x00002bd4       0x94 ./drivers/fsl_clock.o
                0x00002bd4                CLOCK_AttachClk
 .text.CLOCK_SetClkDiv
                0x00002c68       0x5c ./drivers/fsl_clock.o
                0x00002c68                CLOCK_SetClkDiv
 .text.CLOCK_SetupFROClocking
                0x00002cc4       0xc4 ./drivers/fsl_clock.o
                0x00002cc4                CLOCK_SetupFROClocking
 .text.CLOCK_SetFLASHAccessCyclesForFreq
                0x00002d88       0xd0 ./drivers/fsl_clock.o
                0x00002d88                CLOCK_SetFLASHAccessCyclesForFreq
 .text.CLOCK_SetPLLFreq
                0x00002e58      0x128 ./drivers/fsl_clock.o
                0x00002e58                CLOCK_SetPLLFreq
 .text.SDK_DelayAtLeastUs
                0x00002f80       0x90 ./drivers/fsl_common.o
                0x00002f80                SDK_DelayAtLeastUs
 .text.__NVIC_EnableIRQ
                0x00003010       0x3c ./drivers/fsl_ctimer.o
 .text.CLOCK_EnableClock
                0x0000304c       0x54 ./drivers/fsl_ctimer.o
 .text.CTIMER_GetInstance
                0x000030a0       0x54 ./drivers/fsl_ctimer.o
 .text.CTIMER_Init
                0x000030f4       0x74 ./drivers/fsl_ctimer.o
                0x000030f4                CTIMER_Init
 .text.CTIMER_SetupPwmPeriod
                0x00003168       0xc4 ./drivers/fsl_ctimer.o
                0x00003168                CTIMER_SetupPwmPeriod
 .text.CTIMER_SetupCapture
                0x0000322c       0xa0 ./drivers/fsl_ctimer.o
                0x0000322c                CTIMER_SetupCapture
 .text.CTIMER_RegisterCallBack
                0x000032cc       0x3c ./drivers/fsl_ctimer.o
                0x000032cc                CTIMER_RegisterCallBack
 .text.CTIMER_GenericIRQHandler
                0x00003308       0xbc ./drivers/fsl_ctimer.o
                0x00003308                CTIMER_GenericIRQHandler
 .text.DMA_GetInstance
                0x000033c4       0x44 ./drivers/fsl_dma.o
 .text.DMA_IRQHandle
                0x00003408      0x168 ./drivers/fsl_dma.o
                0x00003408                DMA_IRQHandle
 .text.DMA0_DriverIRQHandler
                0x00003570       0x18 ./drivers/fsl_dma.o
                0x00003570                DMA0_DriverIRQHandler
 .text.FLEXCOMM0_DriverIRQHandler
                0x00003588       0x3c ./drivers/fsl_flexcomm.o
                0x00003588                FLEXCOMM0_DriverIRQHandler
 .text.FLEXCOMM1_DriverIRQHandler
                0x000035c4       0x3c ./drivers/fsl_flexcomm.o
                0x000035c4                FLEXCOMM1_DriverIRQHandler
 .text.FLEXCOMM2_DriverIRQHandler
                0x00003600       0x3c ./drivers/fsl_flexcomm.o
                0x00003600                FLEXCOMM2_DriverIRQHandler
 .text.FLEXCOMM3_DriverIRQHandler
                0x0000363c       0x3c ./drivers/fsl_flexcomm.o
                0x0000363c                FLEXCOMM3_DriverIRQHandler
 .text.FLEXCOMM4_DriverIRQHandler
                0x00003678       0x3c ./drivers/fsl_flexcomm.o
                0x00003678                FLEXCOMM4_DriverIRQHandler
 .text.FLEXCOMM5_DriverIRQHandler
                0x000036b4       0x3c ./drivers/fsl_flexcomm.o
                0x000036b4                FLEXCOMM5_DriverIRQHandler
 .text.FLEXCOMM6_DriverIRQHandler
                0x000036f0       0x3c ./drivers/fsl_flexcomm.o
                0x000036f0                FLEXCOMM6_DriverIRQHandler
 .text.FLEXCOMM7_DriverIRQHandler
                0x0000372c       0x3c ./drivers/fsl_flexcomm.o
                0x0000372c                FLEXCOMM7_DriverIRQHandler
 .text.FLEXCOMM8_DriverIRQHandler
                0x00003768       0x3c ./drivers/fsl_flexcomm.o
                0x00003768                FLEXCOMM8_DriverIRQHandler
 .text.FLEXCOMM9_DriverIRQHandler
                0x000037a4       0x3c ./drivers/fsl_flexcomm.o
                0x000037a4                FLEXCOMM9_DriverIRQHandler
 .text.RESET_SetPeripheralReset
                0x000037e0       0x7c ./drivers/fsl_reset.o
                0x000037e0                RESET_SetPeripheralReset
 .text.RESET_ClearPeripheralReset
                0x0000385c       0x80 ./drivers/fsl_reset.o
                0x0000385c                RESET_ClearPeripheralReset
 .text.SCT0_DriverIRQHandler
                0x000038dc       0x20 ./drivers/fsl_sctimer.o
                0x000038dc                SCT0_DriverIRQHandler
 .text.SystemInit
                0x000038fc       0x40 ./device/system_LPC54628.o
                0x000038fc                SystemInit
 .text.BOARD_BootClockPLL220M
                0x0000393c       0xc4 ./board/clock_config.o
                0x0000393c                BOARD_BootClockPLL220M
 .text.CLOCK_EnableClock
                0x00003a00       0x54 ./board/pin_mux.o
 .text.BOARD_InitPins
                0x00003a54       0x74 ./board/pin_mux.o
                0x00003a54                BOARD_InitPins
 .text.BOARD_InitLEDsPins
                0x00003ac8       0xb0 ./board/pin_mux.o
                0x00003ac8                BOARD_InitLEDsPins
 .text.POWER_SetVoltageForFreq
                0x00003b78       0x44 C:\Users\chris\OneDrive\Desktop\NXP-Git\nxp-aes-proj\libs\libpower_hardabi.a(fsl_power_lib.o)
                0x00003b78                POWER_SetVoltageForFreq
 .text.POWER_SetPLL
                0x00003bbc       0x1c C:\Users\chris\OneDrive\Desktop\NXP-Git\nxp-aes-proj\libs\libpower_hardabi.a(fsl_power_lib.o)
                0x00003bbc                POWER_SetPLL
 .text.malloc   0x00003bd8       0xc8 c:/nxp/mcuxpressoide_11.3.1_5262/ide/plugins/com.nxp.mcuxpresso.tools.win32_11.3.0.202008311133/tools/bin/../lib/gcc/arm-none-eabi/9.3.1/../../../../arm-none-eabi/lib/thumb/v7e-m+fp/hard\libcr_c.a(alloc.o)
                0x00003bd8                malloc
 .text._Csys_alloc
                0x00003ca0       0x20 c:/nxp/mcuxpressoide_11.3.1_5262/ide/plugins/com.nxp.mcuxpresso.tools.win32_11.3.0.202008311133/tools/bin/../lib/gcc/arm-none-eabi/9.3.1/../../../../arm-none-eabi/lib/thumb/v7e-m+fp/hard\libcr_c.a(alloc.o)
                0x00003ca0                _Csys_alloc
 .text._initio  0x00003cc0       0x78 c:/nxp/mcuxpressoide_11.3.1_5262/ide/plugins/com.nxp.mcuxpresso.tools.win32_11.3.0.202008311133/tools/bin/../lib/gcc/arm-none-eabi/9.3.1/../../../../arm-none-eabi/lib/thumb/v7e-m+fp/hard\libcr_c.a(initio.o)
                0x00003cc0                _initio
 .text.__vfprintf
                0x00003d38      0xce8 c:/nxp/mcuxpressoide_11.3.1_5262/ide/plugins/com.nxp.mcuxpresso.tools.win32_11.3.0.202008311133/tools/bin/../lib/gcc/arm-none-eabi/9.3.1/../../../../arm-none-eabi/lib/thumb/v7e-m+fp/hard\libcr_c.a(printf.o)
                0x00003d38                __vfprintf
 .text._vsnprintf
                0x00004a20       0x68 c:/nxp/mcuxpressoide_11.3.1_5262/ide/plugins/com.nxp.mcuxpresso.tools.win32_11.3.0.202008311133/tools/bin/../lib/gcc/arm-none-eabi/9.3.1/../../../../arm-none-eabi/lib/thumb/v7e-m+fp/hard\libcr_c.a(printf.o)
                0x00004a20                _vsnprintf
 .text._printf  0x00004a88       0x54 c:/nxp/mcuxpressoide_11.3.1_5262/ide/plugins/com.nxp.mcuxpresso.tools.win32_11.3.0.202008311133/tools/bin/../lib/gcc/arm-none-eabi/9.3.1/../../../../arm-none-eabi/lib/thumb/v7e-m+fp/hard\libcr_c.a(printf.o)
                0x00004a88                _printf
 .text._sbrk    0x00004adc       0x3c c:/nxp/mcuxpressoide_11.3.1_5262/ide/plugins/com.nxp.mcuxpresso.tools.win32_11.3.0.202008311133/tools/bin/../lib/gcc/arm-none-eabi/9.3.1/../../../../arm-none-eabi/lib/thumb/v7e-m+fp/hard\libcr_c.a(_cr_sbrk.o)
                0x00004adc                _sbrk
 .text._Cwritebuf
                0x00004b18       0x6c c:/nxp/mcuxpressoide_11.3.1_5262/ide/plugins/com.nxp.mcuxpresso.tools.win32_11.3.0.202008311133/tools/bin/../lib/gcc/arm-none-eabi/9.3.1/../../../../arm-none-eabi/lib/thumb/v7e-m+fp/hard\libcr_c.a(_writebuf.o)
                0x00004b18                _Cwritebuf
 .text.fflush   0x00004b84       0x44 c:/nxp/mcuxpressoide_11.3.1_5262/ide/plugins/com.nxp.mcuxpresso.tools.win32_11.3.0.202008311133/tools/bin/../lib/gcc/arm-none-eabi/9.3.1/../../../../arm-none-eabi/lib/thumb/v7e-m+fp/hard\libcr_c.a(fflush.o)
                0x00004b84                fflush
 .text.fseek    0x00004bc8      0x100 c:/nxp/mcuxpressoide_11.3.1_5262/ide/plugins/com.nxp.mcuxpresso.tools.win32_11.3.0.202008311133/tools/bin/../lib/gcc/arm-none-eabi/9.3.1/../../../../arm-none-eabi/lib/thumb/v7e-m+fp/hard\libcr_c.a(fseek.o)
                0x00004bc8                fseek
 .text.ftell    0x00004cc8       0x44 c:/nxp/mcuxpressoide_11.3.1_5262/ide/plugins/com.nxp.mcuxpresso.tools.win32_11.3.0.202008311133/tools/bin/../lib/gcc/arm-none-eabi/9.3.1/../../../../arm-none-eabi/lib/thumb/v7e-m+fp/hard\libcr_c.a(ftell.o)
                0x00004cc8                ftell
 .text.__check_heap_overflow
                0x00004d0c       0x18 c:/nxp/mcuxpressoide_11.3.1_5262/ide/plugins/com.nxp.mcuxpresso.tools.win32_11.3.0.202008311133/tools/bin/../lib/gcc/arm-none-eabi/9.3.1/../../../../arm-none-eabi/lib/thumb/v7e-m+fp/hard\libcr_c.a(_cr_check_heap.o)
                0x00004d0c                __check_heap_overflow
 .text.__sys_appexit
                0x00004d24        0xc c:/nxp/mcuxpressoide_11.3.1_5262/ide/plugins/com.nxp.mcuxpresso.tools.win32_11.3.0.202008311133/tools/bin/../lib/gcc/arm-none-eabi/9.3.1/../../../../arm-none-eabi/lib/thumb/v7e-m+fp/hard\libcr_semihost_nf.a(__sys_appexit.o)
                0x00004d24                __sys_appexit
                0x00004d24                __exit
 .text.WDT_BOD_IRQHandler
                0x00004d30        0x8 ./startup/startup_lpc54628.o
                0x00004d30                WDT_BOD_IRQHandler
 .text.DMA0_IRQHandler
                0x00004d38        0x8 ./startup/startup_lpc54628.o
                0x00004d38                DMA0_IRQHandler
 .text.GINT0_IRQHandler
                0x00004d40        0x8 ./startup/startup_lpc54628.o
                0x00004d40                GINT0_IRQHandler
 .text.GINT1_IRQHandler
                0x00004d48        0x8 ./startup/startup_lpc54628.o
                0x00004d48                GINT1_IRQHandler
 .text.PIN_INT0_IRQHandler
                0x00004d50        0x8 ./startup/startup_lpc54628.o
                0x00004d50                PIN_INT0_IRQHandler
 .text.PIN_INT1_IRQHandler
                0x00004d58        0x8 ./startup/startup_lpc54628.o
                0x00004d58                PIN_INT1_IRQHandler
 .text.PIN_INT2_IRQHandler
                0x00004d60        0x8 ./startup/startup_lpc54628.o
                0x00004d60                PIN_INT2_IRQHandler
 .text.PIN_INT3_IRQHandler
                0x00004d68        0x8 ./startup/startup_lpc54628.o
                0x00004d68                PIN_INT3_IRQHandler
 .text.UTICK0_IRQHandler
                0x00004d70        0x8 ./startup/startup_lpc54628.o
                0x00004d70                UTICK0_IRQHandler
 .text.MRT0_IRQHandler
                0x00004d78        0x8 ./startup/startup_lpc54628.o
                0x00004d78                MRT0_IRQHandler
 .text.CTIMER1_IRQHandler
                0x00004d80        0x8 ./startup/startup_lpc54628.o
                0x00004d80                CTIMER1_IRQHandler
 .text.SCT0_IRQHandler
                0x00004d88        0x8 ./startup/startup_lpc54628.o
                0x00004d88                SCT0_IRQHandler
 .text.CTIMER3_IRQHandler
                0x00004d90        0x8 ./startup/startup_lpc54628.o
                0x00004d90                CTIMER3_IRQHandler
 .text.FLEXCOMM0_IRQHandler
                0x00004d98        0x8 ./startup/startup_lpc54628.o
                0x00004d98                FLEXCOMM0_IRQHandler
 .text.FLEXCOMM1_IRQHandler
                0x00004da0        0x8 ./startup/startup_lpc54628.o
                0x00004da0                FLEXCOMM1_IRQHandler
 .text.FLEXCOMM2_IRQHandler
                0x00004da8        0x8 ./startup/startup_lpc54628.o
                0x00004da8                FLEXCOMM2_IRQHandler
 .text.FLEXCOMM3_IRQHandler
                0x00004db0        0x8 ./startup/startup_lpc54628.o
                0x00004db0                FLEXCOMM3_IRQHandler
 .text.FLEXCOMM4_IRQHandler
                0x00004db8        0x8 ./startup/startup_lpc54628.o
                0x00004db8                FLEXCOMM4_IRQHandler
 .text.FLEXCOMM5_IRQHandler
                0x00004dc0        0x8 ./startup/startup_lpc54628.o
                0x00004dc0                FLEXCOMM5_IRQHandler
 .text.FLEXCOMM6_IRQHandler
                0x00004dc8        0x8 ./startup/startup_lpc54628.o
                0x00004dc8                FLEXCOMM6_IRQHandler
 .text.FLEXCOMM7_IRQHandler
                0x00004dd0        0x8 ./startup/startup_lpc54628.o
                0x00004dd0                FLEXCOMM7_IRQHandler
 .text.ADC0_SEQB_IRQHandler
                0x00004dd8        0x8 ./startup/startup_lpc54628.o
                0x00004dd8                ADC0_SEQB_IRQHandler
 .text.ADC0_THCMP_IRQHandler
                0x00004de0        0x8 ./startup/startup_lpc54628.o
                0x00004de0                ADC0_THCMP_IRQHandler
 .text.DMIC0_IRQHandler
                0x00004de8        0x8 ./startup/startup_lpc54628.o
                0x00004de8                DMIC0_IRQHandler
 .text.HWVAD0_IRQHandler
                0x00004df0        0x8 ./startup/startup_lpc54628.o
                0x00004df0                HWVAD0_IRQHandler
 .text.USB0_NEEDCLK_IRQHandler
                0x00004df8        0x8 ./startup/startup_lpc54628.o
                0x00004df8                USB0_NEEDCLK_IRQHandler
 .text.USB0_IRQHandler
                0x00004e00        0x8 ./startup/startup_lpc54628.o
                0x00004e00                USB0_IRQHandler
 .text.RTC_IRQHandler
                0x00004e08        0x8 ./startup/startup_lpc54628.o
                0x00004e08                RTC_IRQHandler
 .text.Reserved46_IRQHandler
                0x00004e10        0x8 ./startup/startup_lpc54628.o
                0x00004e10                Reserved46_IRQHandler
 .text.Reserved47_IRQHandler
                0x00004e18        0x8 ./startup/startup_lpc54628.o
                0x00004e18                Reserved47_IRQHandler
 .text.PIN_INT4_IRQHandler
                0x00004e20        0x8 ./startup/startup_lpc54628.o
                0x00004e20                PIN_INT4_IRQHandler
 .text.PIN_INT5_IRQHandler
                0x00004e28        0x8 ./startup/startup_lpc54628.o
                0x00004e28                PIN_INT5_IRQHandler
 .text.PIN_INT6_IRQHandler
                0x00004e30        0x8 ./startup/startup_lpc54628.o
                0x00004e30                PIN_INT6_IRQHandler
 .text.PIN_INT7_IRQHandler
                0x00004e38        0x8 ./startup/startup_lpc54628.o
                0x00004e38                PIN_INT7_IRQHandler
 .text.CTIMER2_IRQHandler
                0x00004e40        0x8 ./startup/startup_lpc54628.o
                0x00004e40                CTIMER2_IRQHandler
 .text.CTIMER4_IRQHandler
                0x00004e48        0x8 ./startup/startup_lpc54628.o
                0x00004e48                CTIMER4_IRQHandler
 .text.RIT_IRQHandler
                0x00004e50        0x8 ./startup/startup_lpc54628.o
                0x00004e50                RIT_IRQHandler
 .text.SPIFI0_IRQHandler
                0x00004e58        0x8 ./startup/startup_lpc54628.o
                0x00004e58                SPIFI0_IRQHandler
 .text.FLEXCOMM8_IRQHandler
                0x00004e60        0x8 ./startup/startup_lpc54628.o
                0x00004e60                FLEXCOMM8_IRQHandler
 .text.FLEXCOMM9_IRQHandler
                0x00004e68        0x8 ./startup/startup_lpc54628.o
                0x00004e68                FLEXCOMM9_IRQHandler
 .text.SDIO_IRQHandler
                0x00004e70        0x8 ./startup/startup_lpc54628.o
                0x00004e70                SDIO_IRQHandler
 .text.CAN0_IRQ0_IRQHandler
                0x00004e78        0x8 ./startup/startup_lpc54628.o
                0x00004e78                CAN0_IRQ0_IRQHandler
 .text.CAN0_IRQ1_IRQHandler
                0x00004e80        0x8 ./startup/startup_lpc54628.o
                0x00004e80                CAN0_IRQ1_IRQHandler
 .text.CAN1_IRQ0_IRQHandler
                0x00004e88        0x8 ./startup/startup_lpc54628.o
                0x00004e88                CAN1_IRQ0_IRQHandler
 .text.CAN1_IRQ1_IRQHandler
                0x00004e90        0x8 ./startup/startup_lpc54628.o
                0x00004e90                CAN1_IRQ1_IRQHandler
 .text.USB1_IRQHandler
                0x00004e98        0x8 ./startup/startup_lpc54628.o
                0x00004e98                USB1_IRQHandler
 .text.USB1_NEEDCLK_IRQHandler
                0x00004ea0        0x8 ./startup/startup_lpc54628.o
                0x00004ea0                USB1_NEEDCLK_IRQHandler
 .text.ETHERNET_IRQHandler
                0x00004ea8        0x8 ./startup/startup_lpc54628.o
                0x00004ea8                ETHERNET_IRQHandler
 .text.ETHERNET_PMT_IRQHandler
                0x00004eb0        0x8 ./startup/startup_lpc54628.o
                0x00004eb0                ETHERNET_PMT_IRQHandler
 .text.ETHERNET_MACLP_IRQHandler
                0x00004eb8        0x8 ./startup/startup_lpc54628.o
                0x00004eb8                ETHERNET_MACLP_IRQHandler
 .text.EEPROM_IRQHandler
                0x00004ec0        0x8 ./startup/startup_lpc54628.o
                0x00004ec0                EEPROM_IRQHandler
 .text.LCD_IRQHandler
                0x00004ec8        0x8 ./startup/startup_lpc54628.o
                0x00004ec8                LCD_IRQHandler
 .text.SHA_IRQHandler
                0x00004ed0        0x8 ./startup/startup_lpc54628.o
                0x00004ed0                SHA_IRQHandler
 .text.SMARTCARD0_IRQHandler
                0x00004ed8        0x8 ./startup/startup_lpc54628.o
                0x00004ed8                SMARTCARD0_IRQHandler
 .text.SMARTCARD1_IRQHandler
                0x00004ee0        0x8 ./startup/startup_lpc54628.o
                0x00004ee0                SMARTCARD1_IRQHandler
 .text.CTIMER_StartTimer
                0x00004ee8       0x20 ./source/servo/servo.o
 .text.GPIO_PortClear
                0x00004f08       0x26 ./source/servo/servo.o
 .text.CTIMER_StartTimer
                0x00004f2e       0x20 ./source/rpmMeas/rpmMeas.o
 .text.rpmMeas_Left_ISR
                0x00004f4e       0x14 ./source/rpmMeas/rpmMeas.o
                0x00004f4e                rpmMeas_Left_ISR
 .text.rpmMeas_Right_ISR
                0x00004f62       0x14 ./source/rpmMeas/rpmMeas.o
                0x00004f62                rpmMeas_Right_ISR
 .text.CTIMER_StartTimer
                0x00004f76       0x20 ./source/drive/drive.o
 .text.GPIO_PortClear
                0x00004f96       0x26 ./source/drive/drive.o
 .text.EnableIRQ
                0x00004fbc       0x2c ./source/camera/camera.o
 .text.CTIMER_ClearStatusFlags
                0x00004fe8       0x1c ./source/camera/camera.o
 .text.CTIMER_StartTimer
                0x00005004       0x20 ./source/camera/camera.o
 .text.GPIO_PortSet
                0x00005024       0x26 ./source/board/board_func.o
 .text.GPIO_PortToggle
                0x0000504a       0x26 ./source/board/board_func.o
 .text.GPIO_PortClear
                0x00005070       0x26 ./source/main_gustl.o
 .text.HardFault_Handler
                0x00005096       0x2c ./source/semihost_hardfault.o
                0x00005096                HardFault_Handler
 .text.vListInitialise
                0x000050c2       0x40 ./freertos/freertos_kernel/list.o
                0x000050c2                vListInitialise
 .text.vListInitialiseItem
                0x00005102       0x1a ./freertos/freertos_kernel/list.o
                0x00005102                vListInitialiseItem
 .text.vListInsertEnd
                0x0000511c       0x48 ./freertos/freertos_kernel/list.o
                0x0000511c                vListInsertEnd
 .text.vListInsert
                0x00005164       0x72 ./freertos/freertos_kernel/list.o
                0x00005164                vListInsert
 .text.uxListRemove
                0x000051d6       0x54 ./freertos/freertos_kernel/list.o
                0x000051d6                uxListRemove
 .text.xQueueGenericCreate
                0x0000522a       0x6c ./freertos/freertos_kernel/queue.o
                0x0000522a                xQueueGenericCreate
 .text.prvInitialiseNewQueue
                0x00005296       0x46 ./freertos/freertos_kernel/queue.o
 .text.xQueueGenericSendFromISR
                0x000052dc      0x136 ./freertos/freertos_kernel/queue.o
                0x000052dc                xQueueGenericSendFromISR
 .text.prvCopyDataToQueue
                0x00005412       0xd4 ./freertos/freertos_kernel/queue.o
 .text.prvCopyDataFromQueue
                0x000054e6       0x4c ./freertos/freertos_kernel/queue.o
 .text.prvUnlockQueue
                0x00005532       0xa4 ./freertos/freertos_kernel/queue.o
 .text.prvIsQueueEmpty
                0x000055d6       0x2c ./freertos/freertos_kernel/queue.o
 .text.prvIsQueueFull
                0x00005602       0x30 ./freertos/freertos_kernel/queue.o
 .text.vQueueWaitForMessageRestricted
                0x00005632       0x68 ./freertos/freertos_kernel/queue.o
                0x00005632                vQueueWaitForMessageRestricted
 .text.xTaskCreate
                0x0000569a       0x82 ./freertos/freertos_kernel/tasks.o
                0x0000569a                xTaskCreate
 .text.prvInitialiseNewTask
                0x0000571c      0x144 ./freertos/freertos_kernel/tasks.o
 .text.prvDeleteTCB
                0x00005860       0x20 ./freertos/freertos_kernel/tasks.o
 .text.prvTimerTask
                0x00005880       0x24 ./freertos/freertos_kernel/timers.o
 .text.CLOCK_SetFLASHAccessCycles
                0x000058a4       0x34 ./drivers/fsl_clock.o
 .text.CLOCK_IsSystemPLLLocked
                0x000058d8       0x24 ./drivers/fsl_clock.o
 .text.CLOCK_Enable_SysOsc
                0x000058fc       0x5c ./drivers/fsl_clock.o
 .text.POWER_EnablePD
                0x00005958       0x2e ./drivers/fsl_clock.o
 .text.POWER_DisablePD
                0x00005986       0x2e ./drivers/fsl_clock.o
 .text.DelayLoop
                0x000059b4       0x20 ./drivers/fsl_common.o
 .text.EnableIRQ
                0x000059d4       0x2c ./drivers/fsl_ctimer.o
 .text.CTIMER_GetStatusFlags
                0x00005a00       0x18 ./drivers/fsl_ctimer.o
 .text.CTIMER_ClearStatusFlags
                0x00005a18       0x1c ./drivers/fsl_ctimer.o
 .text.CTIMER1_DriverIRQHandler
                0x00005a34       0x14 ./drivers/fsl_ctimer.o
                0x00005a34                CTIMER1_DriverIRQHandler
 .text.CTIMER2_DriverIRQHandler
                0x00005a48       0x14 ./drivers/fsl_ctimer.o
                0x00005a48                CTIMER2_DriverIRQHandler
 .text.CTIMER3_DriverIRQHandler
                0x00005a5c       0x14 ./drivers/fsl_ctimer.o
                0x00005a5c                CTIMER3_DriverIRQHandler
 .text.CTIMER4_DriverIRQHandler
                0x00005a70       0x14 ./drivers/fsl_ctimer.o
                0x00005a70                CTIMER4_DriverIRQHandler
 .text.DMA_GetVirtualStartChannel
                0x00005a84       0x40 ./drivers/fsl_dma.o
 .text.GPIO_PinInit
                0x00005ac4       0xa0 ./drivers/fsl_gpio.o
                0x00005ac4                GPIO_PinInit
 .text.RESET_PeripheralReset
                0x00005b64       0x1c ./drivers/fsl_reset.o
                0x00005b64                RESET_PeripheralReset
 .text.SystemInitHook
                0x00005b80        0xe ./device/system_LPC54628.o
                0x00005b80                SystemInitHook
 .text.BOARD_InitDebugConsole
                0x00005b8e       0x10 ./board/board.o
                0x00005b8e                BOARD_InitDebugConsole
 .text.POWER_DisablePD
                0x00005b9e       0x2e ./board/clock_config.o
 .text.BOARD_InitBootClocks
                0x00005bcc        0xc ./board/clock_config.o
                0x00005bcc                BOARD_InitBootClocks
 .text.IOCON_PinMuxSet
                0x00005bd8       0x2e ./board/pin_mux.o
 .text.BOARD_InitBootPins
                0x00005c06        0xc ./board/pin_mux.o
                0x00005c06                BOARD_InitBootPins
 .text.__main   0x00005c12        0xe c:/nxp/mcuxpressoide_11.3.1_5262/ide/plugins/com.nxp.mcuxpresso.tools.win32_11.3.0.202008311133/tools/bin/../lib/gcc/arm-none-eabi/9.3.1/../../../../arm-none-eabi/lib/thumb/v7e-m+fp/hard\libcr_semihost_nf.a(_cr__main.o)
                0x00005c12                __CR_SEMIHOST
                0x00005c12                __main
 .text.memcpy   0x00005c20        0x4 c:/nxp/mcuxpressoide_11.3.1_5262/ide/plugins/com.nxp.mcuxpresso.tools.win32_11.3.0.202008311133/tools/bin/../lib/gcc/arm-none-eabi/9.3.1/../../../../arm-none-eabi/lib/thumb/v7e-m+fp/hard\libcr_c.a(memcpy.o)
                0x00005c20                memcpy
 .text.memset   0x00005c24        0x4 c:/nxp/mcuxpressoide_11.3.1_5262/ide/plugins/com.nxp.mcuxpresso.tools.win32_11.3.0.202008311133/tools/bin/../lib/gcc/arm-none-eabi/9.3.1/../../../../arm-none-eabi/lib/thumb/v7e-m+fp/hard\libcr_c.a(memset.o)
                0x00005c24                memset
 .text.free     0x00005c28       0x30 c:/nxp/mcuxpressoide_11.3.1_5262/ide/plugins/com.nxp.mcuxpresso.tools.win32_11.3.0.202008311133/tools/bin/../lib/gcc/arm-none-eabi/9.3.1/../../../../arm-none-eabi/lib/thumb/v7e-m+fp/hard\libcr_c.a(alloc.o)
                0x00005c28                free
 .text.no_fp_display
                0x00005c58        0x4 c:/nxp/mcuxpressoide_11.3.1_5262/ide/plugins/com.nxp.mcuxpresso.tools.win32_11.3.0.202008311133/tools/bin/../lib/gcc/arm-none-eabi/9.3.1/../../../../arm-none-eabi/lib/thumb/v7e-m+fp/hard\libcr_c.a(printf.o)
 .text.setvbuf  0x00005c5c       0x3e c:/nxp/mcuxpressoide_11.3.1_5262/ide/plugins/com.nxp.mcuxpresso.tools.win32_11.3.0.202008311133/tools/bin/../lib/gcc/arm-none-eabi/9.3.1/../../../../arm-none-eabi/lib/thumb/v7e-m+fp/hard\libcr_c.a(setvbuf.o)
                0x00005c5c                setvbuf
 .text.strlen   0x00005c9a       0x4c c:/nxp/mcuxpressoide_11.3.1_5262/ide/plugins/com.nxp.mcuxpresso.tools.win32_11.3.0.202008311133/tools/bin/../lib/gcc/arm-none-eabi/9.3.1/../../../../arm-none-eabi/lib/thumb/v7e-m+fp/hard\libcr_c.a(strlen.o)
                0x00005c9a                strlen
 .text._deferredlazyseek
                0x00005ce6       0x40 c:/nxp/mcuxpressoide_11.3.1_5262/ide/plugins/com.nxp.mcuxpresso.tools.win32_11.3.0.202008311133/tools/bin/../lib/gcc/arm-none-eabi/9.3.1/../../../../arm-none-eabi/lib/thumb/v7e-m+fp/hard\libcr_c.a(_deferredlazyseek.o)
                0x00005ce6                _deferredlazyseek
 .text.__flsbuf
                0x00005d26      0x140 c:/nxp/mcuxpressoide_11.3.1_5262/ide/plugins/com.nxp.mcuxpresso.tools.win32_11.3.0.202008311133/tools/bin/../lib/gcc/arm-none-eabi/9.3.1/../../../../arm-none-eabi/lib/thumb/v7e-m+fp/hard\libcr_c.a(_deferredlazyseek.o)
                0x00005d26                __flsbuf
 .text._fdopen  0x00005e66       0x68 c:/nxp/mcuxpressoide_11.3.1_5262/ide/plugins/com.nxp.mcuxpresso.tools.win32_11.3.0.202008311133/tools/bin/../lib/gcc/arm-none-eabi/9.3.1/../../../../arm-none-eabi/lib/thumb/v7e-m+fp/hard\libcr_c.a(_fdopen.o)
                0x00005e66                _fdopen
 .text._fflush  0x00005ece       0x52 c:/nxp/mcuxpressoide_11.3.1_5262/ide/plugins/com.nxp.mcuxpresso.tools.win32_11.3.0.202008311133/tools/bin/../lib/gcc/arm-none-eabi/9.3.1/../../../../arm-none-eabi/lib/thumb/v7e-m+fp/hard\libcr_c.a(_fflush.o)
                0x00005ece                _fflush
 .text.fclose   0x00005f20       0x58 c:/nxp/mcuxpressoide_11.3.1_5262/ide/plugins/com.nxp.mcuxpresso.tools.win32_11.3.0.202008311133/tools/bin/../lib/gcc/arm-none-eabi/9.3.1/../../../../arm-none-eabi/lib/thumb/v7e-m+fp/hard\libcr_c.a(fclose.o)
                0x00005f20                fclose
 .text.remove   0x00005f78       0x14 c:/nxp/mcuxpressoide_11.3.1_5262/ide/plugins/com.nxp.mcuxpresso.tools.win32_11.3.0.202008311133/tools/bin/../lib/gcc/arm-none-eabi/9.3.1/../../../../arm-none-eabi/lib/thumb/v7e-m+fp/hard\libcr_c.a(remove.o)
                0x00005f78                remove
 .text._do_fflush
                0x00005f8c       0x40 c:/nxp/mcuxpressoide_11.3.1_5262/ide/plugins/com.nxp.mcuxpresso.tools.win32_11.3.0.202008311133/tools/bin/../lib/gcc/arm-none-eabi/9.3.1/../../../../arm-none-eabi/lib/thumb/v7e-m+fp/hard\libcr_c.a(_do_fflush.o)
                0x00005f8c                _do_fflush
 .text.__aeabi_division_uldivmod
                0x00005fcc      0x174 c:/nxp/mcuxpressoide_11.3.1_5262/ide/plugins/com.nxp.mcuxpresso.tools.win32_11.3.0.202008311133/tools/bin/../lib/gcc/arm-none-eabi/9.3.1/thumb/v7e-m+fp/hard\libcr_eabihelpers.a(division_64.o)
                0x00005fcc                __aeabi_uldivmod
                0x00005fd0                __bhs_ldivmod1
 .text.__aeabi_division_idiv0
                0x00006140        0x2 c:/nxp/mcuxpressoide_11.3.1_5262/ide/plugins/com.nxp.mcuxpresso.tools.win32_11.3.0.202008311133/tools/bin/../lib/gcc/arm-none-eabi/9.3.1/thumb/v7e-m+fp/hard\libcr_eabihelpers.a(division_idiv0.o)
                0x00006140                __aeabi_idiv0
 .text.__aeabi_memcpy
                0x00006142       0x34 c:/nxp/mcuxpressoide_11.3.1_5262/ide/plugins/com.nxp.mcuxpresso.tools.win32_11.3.0.202008311133/tools/bin/../lib/gcc/arm-none-eabi/9.3.1/thumb/v7e-m+fp/hard\libcr_eabihelpers.a(memcpy.o)
                0x00006142                __aeabi_memcpy
                0x0000614c                __aeabi_memcpy8
                0x0000614c                __aeabi_memcpy4
 .text.__aeabi_memset_lowlevel
                0x00006176       0x32 c:/nxp/mcuxpressoide_11.3.1_5262/ide/plugins/com.nxp.mcuxpresso.tools.win32_11.3.0.202008311133/tools/bin/../lib/gcc/arm-none-eabi/9.3.1/thumb/v7e-m+fp/hard\libcr_eabihelpers.a(memcpy.o)
                0x00006176                __aeabi_lowlevel_memset
 .text.__sys_close
                0x000061a8        0xc c:/nxp/mcuxpressoide_11.3.1_5262/ide/plugins/com.nxp.mcuxpresso.tools.win32_11.3.0.202008311133/tools/bin/../lib/gcc/arm-none-eabi/9.3.1/../../../../arm-none-eabi/lib/thumb/v7e-m+fp/hard\libcr_semihost_nf.a(__sys_close.o)
                0x000061a8                __sys_close
 .text.__sys_flen
                0x000061b4        0xc c:/nxp/mcuxpressoide_11.3.1_5262/ide/plugins/com.nxp.mcuxpresso.tools.win32_11.3.0.202008311133/tools/bin/../lib/gcc/arm-none-eabi/9.3.1/../../../../arm-none-eabi/lib/thumb/v7e-m+fp/hard\libcr_semihost_nf.a(__sys_flen.o)
                0x000061b4                __sys_flen
 .text.__sys_istty
                0x000061c0        0xc c:/nxp/mcuxpressoide_11.3.1_5262/ide/plugins/com.nxp.mcuxpresso.tools.win32_11.3.0.202008311133/tools/bin/../lib/gcc/arm-none-eabi/9.3.1/../../../../arm-none-eabi/lib/thumb/v7e-m+fp/hard\libcr_semihost_nf.a(__sys_istty.o)
                0x000061c0                __sys_istty
 .text.__sys_remove
                0x000061cc        0xc c:/nxp/mcuxpressoide_11.3.1_5262/ide/plugins/com.nxp.mcuxpresso.tools.win32_11.3.0.202008311133/tools/bin/../lib/gcc/arm-none-eabi/9.3.1/../../../../arm-none-eabi/lib/thumb/v7e-m+fp/hard\libcr_semihost_nf.a(__sys_remove.o)
                0x000061cc                __sys_remove
 .text.__sys_seek
                0x000061d8        0xc c:/nxp/mcuxpressoide_11.3.1_5262/ide/plugins/com.nxp.mcuxpresso.tools.win32_11.3.0.202008311133/tools/bin/../lib/gcc/arm-none-eabi/9.3.1/../../../../arm-none-eabi/lib/thumb/v7e-m+fp/hard\libcr_semihost_nf.a(__sys_seek.o)
                0x000061d8                __sys_seek
 .text.__sys_tmpnam
                0x000061e4        0xc c:/nxp/mcuxpressoide_11.3.1_5262/ide/plugins/com.nxp.mcuxpresso.tools.win32_11.3.0.202008311133/tools/bin/../lib/gcc/arm-none-eabi/9.3.1/../../../../arm-none-eabi/lib/thumb/v7e-m+fp/hard\libcr_semihost_nf.a(__sys_tmpnam.o)
                0x000061e4                __sys_tmpnam
 .text.__sys_write
                0x000061f0        0xc c:/nxp/mcuxpressoide_11.3.1_5262/ide/plugins/com.nxp.mcuxpresso.tools.win32_11.3.0.202008311133/tools/bin/../lib/gcc/arm-none-eabi/9.3.1/../../../../arm-none-eabi/lib/thumb/v7e-m+fp/hard\libcr_semihost_nf.a(__sys_write.o)
                0x000061f0                __sys_write
 *freertos*/tasks.o(SORT_BY_ALIGNMENT(.rodata*))
 .rodata.vTaskStartScheduler.str1.4
                0x000061fc        0x5 ./freertos/freertos_kernel/tasks.o
 *fill*         0x00006201        0x3 ff
 .rodata        0x00006204       0x1c ./freertos/freertos_kernel/tasks.o
                0x00006204                portArch_Name
                0x00006208                FreeRTOSDebugConfig
 *(SORT_BY_ALIGNMENT(.rodata) SORT_BY_ALIGNMENT(.rodata.*) SORT_BY_ALIGNMENT(.constdata) SORT_BY_ALIGNMENT(.constdata.*))
 .rodata.__assertion_failed.str1.4
                0x00006220       0x14 ./utilities/fsl_assert.o
 .rodata.SERVO_config
                0x00006234        0x8 ./source/servo/servo.o
                0x00006234                SERVO_config
 .rodata.SERVO_Init.str1.4
                0x0000623c        0xb ./source/servo/servo.o
 *fill*         0x00006247        0x1 ff
 .rodata.RPMMEAS_config
                0x00006248        0x8 ./source/rpmMeas/rpmMeas.o
                0x00006248                RPMMEAS_config
 .rodata.BLDC_config
                0x00006250        0x8 ./source/drive/drive.o
                0x00006250                BLDC_config
 .rodata.BLDC_Init.str1.4
                0x00006258        0xe ./source/drive/drive.o
 *fill*         0x00006266        0x2 ff
 .rodata.TakeShots_config
                0x00006268        0x8 ./source/camera/camera.o
                0x00006268                TakeShots_config
 .rodata.main.str1.4
                0x00006270        0xf ./source/main_gustl.o
 *fill*         0x0000627f        0x1 ff
 .rodata.xTimerCreateTimerTask.str1.4
                0x00006280        0x8 ./freertos/freertos_kernel/timers.o
 .rodata.prvCheckForValidListAndQueue.str1.4
                0x00006288        0x5 ./freertos/freertos_kernel/timers.o
 *fill*         0x0000628d        0x3 ff
 .rodata.SDK_DelayAtLeastUs.str1.4
                0x00006290       0x4c ./drivers/fsl_common.o
 .rodata.s_ctimerBases
                0x000062dc       0x14 ./drivers/fsl_ctimer.o
 .rodata.s_ctimerClocks
                0x000062f0        0xa ./drivers/fsl_ctimer.o
 *fill*         0x000062fa        0x2 ff
 .rodata.s_ctimerResets
                0x000062fc       0x14 ./drivers/fsl_ctimer.o
 .rodata.s_ctimerIRQ
                0x00006310        0x5 ./drivers/fsl_ctimer.o
 *fill*         0x00006315        0x3 ff
 .rodata.CTIMER_GetInstance.str1.4
                0x00006318       0x2f ./drivers/fsl_ctimer.o
 *fill*         0x00006347        0x1 ff
 .rodata.CTIMER_Init.str1.4
                0x00006348       0x22 ./drivers/fsl_ctimer.o
 *fill*         0x0000636a        0x2 ff
 .rodata.DMA_GetInstance.str1.4
                0x0000636c       0x32 ./drivers/fsl_dma.o
 *fill*         0x0000639e        0x2 ff
 .rodata.FLEXCOMM0_DriverIRQHandler.str1.4
                0x000063a0       0x2e ./drivers/fsl_flexcomm.o
 *fill*         0x000063ce        0x2 ff
 .rodata.FLEXCOMM1_DriverIRQHandler.str1.4
                0x000063d0       0x2e ./drivers/fsl_flexcomm.o
 *fill*         0x000063fe        0x2 ff
 .rodata.FLEXCOMM2_DriverIRQHandler.str1.4
                0x00006400       0x2e ./drivers/fsl_flexcomm.o
 *fill*         0x0000642e        0x2 ff
 .rodata.FLEXCOMM3_DriverIRQHandler.str1.4
                0x00006430       0x2e ./drivers/fsl_flexcomm.o
 *fill*         0x0000645e        0x2 ff
 .rodata.FLEXCOMM4_DriverIRQHandler.str1.4
                0x00006460       0x2e ./drivers/fsl_flexcomm.o
 *fill*         0x0000648e        0x2 ff
 .rodata.FLEXCOMM5_DriverIRQHandler.str1.4
                0x00006490       0x2e ./drivers/fsl_flexcomm.o
 *fill*         0x000064be        0x2 ff
 .rodata.FLEXCOMM6_DriverIRQHandler.str1.4
                0x000064c0       0x2e ./drivers/fsl_flexcomm.o
 *fill*         0x000064ee        0x2 ff
 .rodata.FLEXCOMM7_DriverIRQHandler.str1.4
                0x000064f0       0x2e ./drivers/fsl_flexcomm.o
 *fill*         0x0000651e        0x2 ff
 .rodata.FLEXCOMM8_DriverIRQHandler.str1.4
                0x00006520       0x2e ./drivers/fsl_flexcomm.o
 *fill*         0x0000654e        0x2 ff
 .rodata.FLEXCOMM9_DriverIRQHandler.str1.4
                0x00006550       0x2e ./drivers/fsl_flexcomm.o
 *fill*         0x0000657e        0x2 ff
 .rodata.RESET_SetPeripheralReset.str1.4
                0x00006580       0x20 ./drivers/fsl_reset.o
 .rodata.RESET_ClearPeripheralReset.str1.4
                0x000065a0       0x20 ./drivers/fsl_reset.o
 .rodata.__num_Ciob_streams
                0x000065c0        0x4 c:/nxp/mcuxpressoide_11.3.1_5262/ide/plugins/com.nxp.mcuxpresso.tools.win32_11.3.0.202008311133/tools/bin/../lib/gcc/arm-none-eabi/9.3.1/../../../../arm-none-eabi/lib/thumb/v7e-m+fp/hard\libcr_semihost_nf.a(__ciob.o)
                0x000065c0                __num_Ciob_streams
 .rodata._Csys_alloc.str1.1
                0x000065c4       0x18 c:/nxp/mcuxpressoide_11.3.1_5262/ide/plugins/com.nxp.mcuxpresso.tools.win32_11.3.0.202008311133/tools/bin/../lib/gcc/arm-none-eabi/9.3.1/../../../../arm-none-eabi/lib/thumb/v7e-m+fp/hard\libcr_c.a(alloc.o)
 .rodata._initio.str1.1
                0x000065dc        0x4 c:/nxp/mcuxpressoide_11.3.1_5262/ide/plugins/com.nxp.mcuxpresso.tools.win32_11.3.0.202008311133/tools/bin/../lib/gcc/arm-none-eabi/9.3.1/../../../../arm-none-eabi/lib/thumb/v7e-m+fp/hard\libcr_c.a(initio.o)
 .rodata.__vfprintf.str1.1
                0x000065e0       0x37 c:/nxp/mcuxpressoide_11.3.1_5262/ide/plugins/com.nxp.mcuxpresso.tools.win32_11.3.0.202008311133/tools/bin/../lib/gcc/arm-none-eabi/9.3.1/../../../../arm-none-eabi/lib/thumb/v7e-m+fp/hard\libcr_c.a(printf.o)
                                 0x38 (size before relaxing)
                0x00006618                . = ALIGN (0x4)
 *fill*         0x00006617        0x1 ff

.glue_7         0x00006618        0x0
 .glue_7        0x00006618        0x0 linker stubs

.glue_7t        0x00006618        0x0
 .glue_7t       0x00006618        0x0 linker stubs

.vfp11_veneer   0x00006618        0x0
 .vfp11_veneer  0x00006618        0x0 linker stubs

.v4_bx          0x00006618        0x0
 .v4_bx         0x00006618        0x0 linker stubs

.iplt           0x00006618        0x0
 .iplt          0x00006618        0x0 ./utilities/fsl_assert.o

.rel.dyn        0x00006618        0x0
 .rel.iplt      0x00006618        0x0 ./utilities/fsl_assert.o

.ARM.extab
 *(SORT_BY_ALIGNMENT(.ARM.extab*) SORT_BY_ALIGNMENT(.gnu.linkonce.armextab.*))

.ARM.exidx      0x00006618        0x0
                0x00006618                __exidx_start = .
 *(SORT_BY_ALIGNMENT(.ARM.exidx*) SORT_BY_ALIGNMENT(.gnu.linkonce.armexidx.*))
                0x00006618                __exidx_end = .
                0x00006618                _etext = .

.m_usb_data
 *(SORT_BY_ALIGNMENT(m_usb_global))

.data_RAM2      0x04000000        0x0 load address 0x00006618
 FILL mask 0xff
                [!provide]                PROVIDE (__start_data_RAM2 = .)
                [!provide]                PROVIDE (__start_data_SRAMX = .)
 *(SORT_BY_ALIGNMENT(.ramfunc.$RAM2))
 *(SORT_BY_ALIGNMENT(.ramfunc.$SRAMX))
 *(SORT_BY_ALIGNMENT(.data.$RAM2))
 *(SORT_BY_ALIGNMENT(.data.$SRAMX))
 *(SORT_BY_ALIGNMENT(.data.$RAM2.*))
 *(SORT_BY_ALIGNMENT(.data.$SRAMX.*))
                0x04000000                . = ALIGN (0x4)
                [!provide]                PROVIDE (__end_data_RAM2 = .)
                [!provide]                PROVIDE (__end_data_SRAMX = .)

.data_RAM3      0x40100000        0x0 load address 0x00006618
 FILL mask 0xff
                [!provide]                PROVIDE (__start_data_RAM3 = .)
                [!provide]                PROVIDE (__start_data_USB_RAM = .)
 *(SORT_BY_ALIGNMENT(.ramfunc.$RAM3))
 *(SORT_BY_ALIGNMENT(.ramfunc.$USB_RAM))
 *(SORT_BY_ALIGNMENT(.data.$RAM3))
 *(SORT_BY_ALIGNMENT(.data.$USB_RAM))
 *(SORT_BY_ALIGNMENT(.data.$RAM3.*))
 *(SORT_BY_ALIGNMENT(.data.$USB_RAM.*))
                0x40100000                . = ALIGN (0x4)
                [!provide]                PROVIDE (__end_data_RAM3 = .)
                [!provide]                PROVIDE (__end_data_USB_RAM = .)

.data_RAM4      0xa0000000        0x0 load address 0x00006618
 FILL mask 0xff
                [!provide]                PROVIDE (__start_data_RAM4 = .)
                [!provide]                PROVIDE (__start_data_BOARD_SDRAM = .)
 *(SORT_BY_ALIGNMENT(.ramfunc.$RAM4))
 *(SORT_BY_ALIGNMENT(.ramfunc.$BOARD_SDRAM))
 *(SORT_BY_ALIGNMENT(.data.$RAM4))
 *(SORT_BY_ALIGNMENT(.data.$BOARD_SDRAM))
 *(SORT_BY_ALIGNMENT(.data.$RAM4.*))
 *(SORT_BY_ALIGNMENT(.data.$BOARD_SDRAM.*))
                0xa0000000                . = ALIGN (0x4)
                [!provide]                PROVIDE (__end_data_RAM4 = .)
                [!provide]                PROVIDE (__end_data_BOARD_SDRAM = .)

.uninit_RESERVED
                0x20000000        0x0
                0x20000000                _start_uninit_RESERVED = .
 *(SORT_BY_ALIGNMENT(.bss.$RESERVED*))
                0x20000000                . = ALIGN (0x4)
                0x20000000                _end_uninit_RESERVED = .

.data           0x20000000       0x2c load address 0x00006618
 FILL mask 0xff
                0x20000000                _data = .
                [!provide]                PROVIDE (__start_data_RAM = .)
                [!provide]                PROVIDE (__start_data_SRAM_UPPER = .)
 *(SORT_BY_ALIGNMENT(vtable))
 *(SORT_BY_ALIGNMENT(.ramfunc*))
 *(SORT_BY_ALIGNMENT(CodeQuickAccess))
 *(SORT_BY_ALIGNMENT(DataQuickAccess))
 *(SORT_BY_ALIGNMENT(RamFunction))
 *(SORT_BY_ALIGNMENT(.data*))
 .data.ctimer_callback_table
                0x20000000       0x20 ./source/rpmMeas/rpmMeas.o
                0x20000000                ctimer_callback_table
 .data.uxCriticalNesting
                0x20000020        0x4 ./freertos/freertos_kernel/portable/GCC/ARM_CM4F/port.o
 .data.SystemCoreClock
                0x20000024        0x4 ./device/system_LPC54628.o
                0x20000024                SystemCoreClock
 .data.pixelCounter
                0x20000028        0x1 ./source/camera/camera.o
                0x20000028                pixelCounter
                0x2000002c                . = ALIGN (0x4)
 *fill*         0x20000029        0x3 ff
                0x2000002c                _edata = .
                [!provide]                PROVIDE (__end_data_RAM = .)
                [!provide]                PROVIDE (__end_data_SRAM_UPPER = .)

.igot.plt       0x2000002c        0x0 load address 0x00006644
 .igot.plt      0x2000002c        0x0 ./utilities/fsl_assert.o

.bss_RAM2       0x04000000        0x0
                [!provide]                PROVIDE (__start_bss_RAM2 = .)
                [!provide]                PROVIDE (__start_bss_SRAMX = .)
 *(SORT_BY_ALIGNMENT(.bss.$RAM2))
 *(SORT_BY_ALIGNMENT(.bss.$SRAMX))
 *(SORT_BY_ALIGNMENT(.bss.$RAM2.*))
 *(SORT_BY_ALIGNMENT(.bss.$SRAMX.*))
                0x04000000                . = ALIGN ((. != 0x0)?0x4:0x1)
                [!provide]                PROVIDE (__end_bss_RAM2 = .)
                [!provide]                PROVIDE (__end_bss_SRAMX = .)

.bss_RAM3       0x40100000        0x0
                [!provide]                PROVIDE (__start_bss_RAM3 = .)
                [!provide]                PROVIDE (__start_bss_USB_RAM = .)
 *(SORT_BY_ALIGNMENT(.bss.$RAM3))
 *(SORT_BY_ALIGNMENT(.bss.$USB_RAM))
 *(SORT_BY_ALIGNMENT(.bss.$RAM3.*))
 *(SORT_BY_ALIGNMENT(.bss.$USB_RAM.*))
                0x40100000                . = ALIGN ((. != 0x0)?0x4:0x1)
                [!provide]                PROVIDE (__end_bss_RAM3 = .)
                [!provide]                PROVIDE (__end_bss_USB_RAM = .)

.bss_RAM4       0xa0000000        0x0
                [!provide]                PROVIDE (__start_bss_RAM4 = .)
                [!provide]                PROVIDE (__start_bss_BOARD_SDRAM = .)
 *(SORT_BY_ALIGNMENT(.bss.$RAM4))
 *(SORT_BY_ALIGNMENT(.bss.$BOARD_SDRAM))
 *(SORT_BY_ALIGNMENT(.bss.$RAM4.*))
 *(SORT_BY_ALIGNMENT(.bss.$BOARD_SDRAM.*))
                0xa0000000                . = ALIGN ((. != 0x0)?0x4:0x1)
                [!provide]                PROVIDE (__end_bss_RAM4 = .)
                [!provide]                PROVIDE (__end_bss_BOARD_SDRAM = .)

.bss            0x2000002c     0x2bd4
                0x2000002c                _bss = .
                [!provide]                PROVIDE (__start_bss_RAM = .)
                [!provide]                PROVIDE (__start_bss_SRAM_UPPER = .)
 *(SORT_BY_ALIGNMENT(.bss*))
 .bss.pixelValues
                0x2000002c       0x80 ./source/camera/camera.o
                0x2000002c                pixelValues
 .bss.ucHeap    0x200000ac     0x2800 ./freertos/freertos_kernel/portable/MemMang/heap_4.o
 .bss.xStart    0x200028ac        0x8 ./freertos/freertos_kernel/portable/MemMang/heap_4.o
 .bss.pxEnd     0x200028b4        0x4 ./freertos/freertos_kernel/portable/MemMang/heap_4.o
 .bss.xFreeBytesRemaining
                0x200028b8        0x4 ./freertos/freertos_kernel/portable/MemMang/heap_4.o
 .bss.xMinimumEverFreeBytesRemaining
                0x200028bc        0x4 ./freertos/freertos_kernel/portable/MemMang/heap_4.o
 .bss.xNumberOfSuccessfulAllocations
                0x200028c0        0x4 ./freertos/freertos_kernel/portable/MemMang/heap_4.o
 .bss.xNumberOfSuccessfulFrees
                0x200028c4        0x4 ./freertos/freertos_kernel/portable/MemMang/heap_4.o
 .bss.xBlockAllocatedBit
                0x200028c8        0x4 ./freertos/freertos_kernel/portable/MemMang/heap_4.o
 .bss.ulMaxPRIGROUPValue
                0x200028cc        0x4 ./freertos/freertos_kernel/portable/GCC/ARM_CM4F/port.o
 .bss.xQueueRegistry
                0x200028d0       0x40 ./freertos/freertos_kernel/queue.o
                0x200028d0                xQueueRegistry
 .bss.pxCurrentTCB
                0x20002910        0x4 ./freertos/freertos_kernel/tasks.o
                0x20002910                pxCurrentTCB
 .bss.pxReadyTasksLists
                0x20002914       0x64 ./freertos/freertos_kernel/tasks.o
 .bss.xDelayedTaskList1
                0x20002978       0x14 ./freertos/freertos_kernel/tasks.o
 .bss.xDelayedTaskList2
                0x2000298c       0x14 ./freertos/freertos_kernel/tasks.o
 .bss.pxDelayedTaskList
                0x200029a0        0x4 ./freertos/freertos_kernel/tasks.o
 .bss.pxOverflowDelayedTaskList
                0x200029a4        0x4 ./freertos/freertos_kernel/tasks.o
 .bss.xPendingReadyList
                0x200029a8       0x14 ./freertos/freertos_kernel/tasks.o
 .bss.xTasksWaitingTermination
                0x200029bc       0x14 ./freertos/freertos_kernel/tasks.o
 .bss.uxDeletedTasksWaitingCleanUp
                0x200029d0        0x4 ./freertos/freertos_kernel/tasks.o
 .bss.xSuspendedTaskList
                0x200029d4       0x14 ./freertos/freertos_kernel/tasks.o
 .bss.uxCurrentNumberOfTasks
                0x200029e8        0x4 ./freertos/freertos_kernel/tasks.o
 .bss.xTickCount
                0x200029ec        0x4 ./freertos/freertos_kernel/tasks.o
 .bss.uxTopReadyPriority
                0x200029f0        0x4 ./freertos/freertos_kernel/tasks.o
 .bss.xSchedulerRunning
                0x200029f4        0x4 ./freertos/freertos_kernel/tasks.o
 .bss.xPendedTicks
                0x200029f8        0x4 ./freertos/freertos_kernel/tasks.o
 .bss.xYieldPending
                0x200029fc        0x4 ./freertos/freertos_kernel/tasks.o
 .bss.xNumOfOverflows
                0x20002a00        0x4 ./freertos/freertos_kernel/tasks.o
 .bss.uxTaskNumber
                0x20002a04        0x4 ./freertos/freertos_kernel/tasks.o
 .bss.xNextTaskUnblockTime
                0x20002a08        0x4 ./freertos/freertos_kernel/tasks.o
 .bss.xIdleTaskHandle
                0x20002a0c        0x4 ./freertos/freertos_kernel/tasks.o
 .bss.uxSchedulerSuspended
                0x20002a10        0x4 ./freertos/freertos_kernel/tasks.o
 .bss.xActiveTimerList1
                0x20002a14       0x14 ./freertos/freertos_kernel/timers.o
 .bss.xActiveTimerList2
                0x20002a28       0x14 ./freertos/freertos_kernel/timers.o
 .bss.pxCurrentTimerList
                0x20002a3c        0x4 ./freertos/freertos_kernel/timers.o
 .bss.pxOverflowTimerList
                0x20002a40        0x4 ./freertos/freertos_kernel/timers.o
 .bss.xTimerQueue
                0x20002a44        0x4 ./freertos/freertos_kernel/timers.o
 .bss.xTimerTaskHandle
                0x20002a48        0x4 ./freertos/freertos_kernel/timers.o
 .bss.xLastTime.6002
                0x20002a4c        0x4 ./freertos/freertos_kernel/timers.o
 .bss.s_Pll_Freq
                0x20002a50        0x4 ./drivers/fsl_clock.o
 .bss.s_ctimerCallback
                0x20002a54       0x14 ./drivers/fsl_ctimer.o
 .bss.ctimerCallbackType
                0x20002a68        0x5 ./drivers/fsl_ctimer.o
 *fill*         0x20002a6d        0x3 
 .bss.s_DMAHandle
                0x20002a70       0x78 ./drivers/fsl_dma.o
 .bss.s_flexcommIrqHandler
                0x20002ae8       0x28 ./drivers/fsl_flexcomm.o
 .bss.s_flexcommHandle
                0x20002b10       0x28 ./drivers/fsl_flexcomm.o
 .bss.s_sctimerIsr
                0x20002b38        0x4 ./drivers/fsl_sctimer.o
 .bss.__end_of_heap
                0x20002b3c        0x4 c:/nxp/mcuxpressoide_11.3.1_5262/ide/plugins/com.nxp.mcuxpresso.tools.win32_11.3.0.202008311133/tools/bin/../lib/gcc/arm-none-eabi/9.3.1/../../../../arm-none-eabi/lib/thumb/v7e-m+fp/hard\libcr_c.a(__init_alloc.o)
                0x20002b3c                __end_of_heap
 .bss.__heaps   0x20002b40        0x4 c:/nxp/mcuxpressoide_11.3.1_5262/ide/plugins/com.nxp.mcuxpresso.tools.win32_11.3.0.202008311133/tools/bin/../lib/gcc/arm-none-eabi/9.3.1/../../../../arm-none-eabi/lib/thumb/v7e-m+fp/hard\libcr_c.a(__init_alloc.o)
                0x20002b40                __heaps
 .bss.errno     0x20002b44        0x4 c:/nxp/mcuxpressoide_11.3.1_5262/ide/plugins/com.nxp.mcuxpresso.tools.win32_11.3.0.202008311133/tools/bin/../lib/gcc/arm-none-eabi/9.3.1/../../../../arm-none-eabi/lib/thumb/v7e-m+fp/hard\libcr_c.a(errno.o)
                0x20002b44                errno
 .bss.__Ciob    0x20002b48       0xb4 c:/nxp/mcuxpressoide_11.3.1_5262/ide/plugins/com.nxp.mcuxpresso.tools.win32_11.3.0.202008311133/tools/bin/../lib/gcc/arm-none-eabi/9.3.1/../../../../arm-none-eabi/lib/thumb/v7e-m+fp/hard\libcr_semihost_nf.a(__ciob.o)
                0x20002b48                __Ciob
 .bss.ucMaxSysCallPriority
                0x20002bfc        0x1 ./freertos/freertos_kernel/portable/GCC/ARM_CM4F/port.o
 *(SORT_BY_ALIGNMENT(COMMON))
                0x20002c00                . = ALIGN (0x4)
 *fill*         0x20002bfd        0x3 
                0x20002c00                _ebss = .
                [!provide]                PROVIDE (__end_bss_RAM = .)
                [!provide]                PROVIDE (__end_bss_SRAM_UPPER = .)
                [!provide]                PROVIDE (end = .)

.noinit_RAM2    0x04000000        0x0
                [!provide]                PROVIDE (__start_noinit_RAM2 = .)
                [!provide]                PROVIDE (__start_noinit_SRAMX = .)
 *(SORT_BY_ALIGNMENT(.noinit.$RAM2))
 *(SORT_BY_ALIGNMENT(.noinit.$SRAMX))
 *(SORT_BY_ALIGNMENT(.noinit.$RAM2.*))
 *(SORT_BY_ALIGNMENT(.noinit.$SRAMX.*))
                0x04000000                . = ALIGN (0x4)
                [!provide]                PROVIDE (__end_noinit_RAM2 = .)
                [!provide]                PROVIDE (__end_noinit_SRAMX = .)

.noinit_RAM3    0x40100000        0x0
                [!provide]                PROVIDE (__start_noinit_RAM3 = .)
                [!provide]                PROVIDE (__start_noinit_USB_RAM = .)
 *(SORT_BY_ALIGNMENT(.noinit.$RAM3))
 *(SORT_BY_ALIGNMENT(.noinit.$USB_RAM))
 *(SORT_BY_ALIGNMENT(.noinit.$RAM3.*))
 *(SORT_BY_ALIGNMENT(.noinit.$USB_RAM.*))
                0x40100000                . = ALIGN (0x4)
                [!provide]                PROVIDE (__end_noinit_RAM3 = .)
                [!provide]                PROVIDE (__end_noinit_USB_RAM = .)

.noinit_RAM4    0xa0000000        0x0
                [!provide]                PROVIDE (__start_noinit_RAM4 = .)
                [!provide]                PROVIDE (__start_noinit_BOARD_SDRAM = .)
 *(SORT_BY_ALIGNMENT(.noinit.$RAM4))
 *(SORT_BY_ALIGNMENT(.noinit.$BOARD_SDRAM))
 *(SORT_BY_ALIGNMENT(.noinit.$RAM4.*))
 *(SORT_BY_ALIGNMENT(.noinit.$BOARD_SDRAM.*))
                0xa0000000                . = ALIGN (0x4)
                [!provide]                PROVIDE (__end_noinit_RAM4 = .)
                [!provide]                PROVIDE (__end_noinit_BOARD_SDRAM = .)

.noinit         0x20002c00        0x0
                0x20002c00                _noinit = .
                [!provide]                PROVIDE (__start_noinit_RAM = .)
                [!provide]                PROVIDE (__start_noinit_SRAM_UPPER = .)
 *(SORT_BY_ALIGNMENT(.noinit*))
                0x20002c00                . = ALIGN (0x4)
                0x20002c00                _end_noinit = .
                [!provide]                PROVIDE (__end_noinit_RAM = .)
                [!provide]                PROVIDE (__end_noinit_SRAM_UPPER = .)
                0x00001000                _HeapSize = 0x1000

.heap           0x20002c00     0x1000
                0x20002c00                _pvHeapStart = .
                0x20003c00                . = (. + _HeapSize)
 *fill*         0x20002c00     0x1000 
                0x20003c00                . = ALIGN (0x4)
                0x20003c00                _pvHeapLimit = .
                0x00001000                _StackSize = 0x1000

.heap2stackfill
                0x20003c00     0x1000
                0x20004c00                . = (. + _StackSize)
 *fill*         0x20003c00     0x1000 

.stack          0x20027000        0x0
                0x20027000                _vStackBase = .
                0x20027000                . = ALIGN (0x4)
                0x20028000                _vStackTop = (. + _StackSize)
                0xdffd25ee                PROVIDE (__valid_user_code_checksum = (0x0 - ((((((_vStackTop + (ResetISR + 0x1)) + (NMI_Handler + 0x1)) + (HardFault_Handler + 0x1)) + (DEFINED (MemManage_Handler)?MemManage_Handler:0x0 + 0x1)) + (DEFINED (BusFault_Handler)?BusFault_Handler:0x0 + 0x1)) + (DEFINED (UsageFault_Handler)?UsageFault_Handler:0x0 + 0x1))))
                0x00000000                _image_start = LOADADDR (.text)
                0x00006644                _image_end = (LOADADDR (.data) + SIZEOF (.data))
                0x00006644                _image_size = (_image_end - _image_start)
OUTPUT(nxp-aes-proj.axf elf32-littlearm)
LOAD linker stubs

.debug_info     0x00000000    0x1f50d
 .debug_info    0x00000000      0x243 ./utilities/fsl_assert.o
 .debug_info    0x00000243      0x6c6 ./startup/startup_lpc54628.o
 .debug_info    0x00000909      0x8c7 ./source/servo/servo.o
 .debug_info    0x000011d0      0x8e9 ./source/rpmMeas/rpmMeas.o
 .debug_info    0x00001ab9      0x8c7 ./source/drive/drive.o
 .debug_info    0x00002380     0x1fae ./source/camera/camera.o
 .debug_info    0x0000432e      0xd81 ./source/board/board_func.o
 .debug_info    0x000050af      0x84f ./source/main_gustl.o
 .debug_info    0x000058fe       0x3c ./source/semihost_hardfault.o
 .debug_info    0x0000593a      0x505 ./freertos/freertos_kernel/portable/MemMang/heap_4.o
 .debug_info    0x00005e3f      0x511 ./freertos/freertos_kernel/portable/GCC/ARM_CM4F/port.o
 .debug_info    0x00006350      0x302 ./freertos/freertos_kernel/list.o
 .debug_info    0x00006652     0x16db ./freertos/freertos_kernel/queue.o
 .debug_info    0x00007d2d     0x20b7 ./freertos/freertos_kernel/tasks.o
 .debug_info    0x00009de4      0xeb6 ./freertos/freertos_kernel/timers.o
 .debug_info    0x0000ac9a     0x30fa ./drivers/fsl_clock.o
 .debug_info    0x0000dd94     0x10f3 ./drivers/fsl_common.o
 .debug_info    0x0000ee87     0x210e ./drivers/fsl_ctimer.o
 .debug_info    0x00010f95     0x2920 ./drivers/fsl_dma.o
 .debug_info    0x000138b5     0x19ef ./drivers/fsl_flexcomm.o
 .debug_info    0x000152a4     0x1636 ./drivers/fsl_gpio.o
 .debug_info    0x000168da      0xde5 ./drivers/fsl_reset.o
 .debug_info    0x000176bf     0x24b9 ./drivers/fsl_sctimer.o
 .debug_info    0x00019b78      0xf2b ./device/system_LPC54628.o
 .debug_info    0x0001aaa3     0x1435 ./board/board.o
 .debug_info    0x0001bed8     0x110e ./board/clock_config.o
 .debug_info    0x0001cfe6     0x1192 ./board/pin_mux.o
 .debug_info    0x0001e178     0x1395 C:\Users\chris\OneDrive\Desktop\NXP-Git\nxp-aes-proj\libs\libpower_hardabi.a(fsl_power_lib.o)

.debug_abbrev   0x00000000     0x403f
 .debug_abbrev  0x00000000       0xe9 ./utilities/fsl_assert.o
 .debug_abbrev  0x000000e9      0x16d ./startup/startup_lpc54628.o
 .debug_abbrev  0x00000256      0x20c ./source/servo/servo.o
 .debug_abbrev  0x00000462      0x20e ./source/rpmMeas/rpmMeas.o
 .debug_abbrev  0x00000670      0x20c ./source/drive/drive.o
 .debug_abbrev  0x0000087c      0x315 ./source/camera/camera.o
 .debug_abbrev  0x00000b91      0x1c5 ./source/board/board_func.o
 .debug_abbrev  0x00000d56      0x19b ./source/main_gustl.o
 .debug_abbrev  0x00000ef1       0x31 ./source/semihost_hardfault.o
 .debug_abbrev  0x00000f22      0x209 ./freertos/freertos_kernel/portable/MemMang/heap_4.o
 .debug_abbrev  0x0000112b      0x259 ./freertos/freertos_kernel/portable/GCC/ARM_CM4F/port.o
 .debug_abbrev  0x00001384      0x12d ./freertos/freertos_kernel/list.o
 .debug_abbrev  0x000014b1      0x2d9 ./freertos/freertos_kernel/queue.o
 .debug_abbrev  0x0000178a      0x32b ./freertos/freertos_kernel/tasks.o
 .debug_abbrev  0x00001ab5      0x286 ./freertos/freertos_kernel/timers.o
 .debug_abbrev  0x00001d3b      0x38e ./drivers/fsl_clock.o
 .debug_abbrev  0x000020c9      0x28b ./drivers/fsl_common.o
 .debug_abbrev  0x00002354      0x364 ./drivers/fsl_ctimer.o
 .debug_abbrev  0x000026b8      0x38e ./drivers/fsl_dma.o
 .debug_abbrev  0x00002a46      0x30f ./drivers/fsl_flexcomm.o
 .debug_abbrev  0x00002d55      0x246 ./drivers/fsl_gpio.o
 .debug_abbrev  0x00002f9b      0x188 ./drivers/fsl_reset.o
 .debug_abbrev  0x00003123      0x383 ./drivers/fsl_sctimer.o
 .debug_abbrev  0x000034a6      0x1fc ./device/system_LPC54628.o
 .debug_abbrev  0x000036a2      0x20e ./board/board.o
 .debug_abbrev  0x000038b0      0x1f6 ./board/clock_config.o
 .debug_abbrev  0x00003aa6      0x255 ./board/pin_mux.o
 .debug_abbrev  0x00003cfb      0x344 C:\Users\chris\OneDrive\Desktop\NXP-Git\nxp-aes-proj\libs\libpower_hardabi.a(fsl_power_lib.o)

.debug_aranges  0x00000000     0x1200
 .debug_aranges
                0x00000000       0x20 ./utilities/fsl_assert.o
 .debug_aranges
                0x00000020      0x248 ./startup/startup_lpc54628.o
 .debug_aranges
                0x00000268       0x40 ./source/servo/servo.o
 .debug_aranges
                0x000002a8       0x40 ./source/rpmMeas/rpmMeas.o
 .debug_aranges
                0x000002e8       0x40 ./source/drive/drive.o
 .debug_aranges
                0x00000328       0x90 ./source/camera/camera.o
 .debug_aranges
                0x000003b8       0x40 ./source/board/board_func.o
 .debug_aranges
                0x000003f8       0x28 ./source/main_gustl.o
 .debug_aranges
                0x00000420       0x20 ./source/semihost_hardfault.o
 .debug_aranges
                0x00000440       0x58 ./freertos/freertos_kernel/portable/MemMang/heap_4.o
 .debug_aranges
                0x00000498       0x80 ./freertos/freertos_kernel/portable/GCC/ARM_CM4F/port.o
 .debug_aranges
                0x00000518       0x40 ./freertos/freertos_kernel/list.o
 .debug_aranges
                0x00000558      0x130 ./freertos/freertos_kernel/queue.o
 .debug_aranges
                0x00000688      0x208 ./freertos/freertos_kernel/tasks.o
 .debug_aranges
                0x00000890       0xe8 ./freertos/freertos_kernel/timers.o
 .debug_aranges
                0x00000978      0x2c8 ./drivers/fsl_clock.o
 .debug_aranges
                0x00000c40       0x68 ./drivers/fsl_common.o
 .debug_aranges
                0x00000ca8       0xd8 ./drivers/fsl_ctimer.o
 .debug_aranges
                0x00000d80      0x130 ./drivers/fsl_dma.o
 .debug_aranges
                0x00000eb0       0x98 ./drivers/fsl_flexcomm.o
 .debug_aranges
                0x00000f48       0x30 ./drivers/fsl_gpio.o
 .debug_aranges
                0x00000f78       0x30 ./drivers/fsl_reset.o
 .debug_aranges
                0x00000fa8       0xc8 ./drivers/fsl_sctimer.o
 .debug_aranges
                0x00001070       0x68 ./device/system_LPC54628.o
 .debug_aranges
                0x000010d8       0x30 ./board/board.o
 .debug_aranges
                0x00001108       0x50 ./board/clock_config.o
 .debug_aranges
                0x00001158       0x40 ./board/pin_mux.o
 .debug_aranges
                0x00001198       0x68 C:\Users\chris\OneDrive\Desktop\NXP-Git\nxp-aes-proj\libs\libpower_hardabi.a(fsl_power_lib.o)

.debug_ranges   0x00000000     0x1070
 .debug_ranges  0x00000000       0x10 ./utilities/fsl_assert.o
 .debug_ranges  0x00000010      0x238 ./startup/startup_lpc54628.o
 .debug_ranges  0x00000248       0x30 ./source/servo/servo.o
 .debug_ranges  0x00000278       0x30 ./source/rpmMeas/rpmMeas.o
 .debug_ranges  0x000002a8       0x30 ./source/drive/drive.o
 .debug_ranges  0x000002d8       0x80 ./source/camera/camera.o
 .debug_ranges  0x00000358       0x30 ./source/board/board_func.o
 .debug_ranges  0x00000388       0x18 ./source/main_gustl.o
 .debug_ranges  0x000003a0       0x10 ./source/semihost_hardfault.o
 .debug_ranges  0x000003b0       0x48 ./freertos/freertos_kernel/portable/MemMang/heap_4.o
 .debug_ranges  0x000003f8       0x70 ./freertos/freertos_kernel/portable/GCC/ARM_CM4F/port.o
 .debug_ranges  0x00000468       0x30 ./freertos/freertos_kernel/list.o
 .debug_ranges  0x00000498      0x120 ./freertos/freertos_kernel/queue.o
 .debug_ranges  0x000005b8      0x1f8 ./freertos/freertos_kernel/tasks.o
 .debug_ranges  0x000007b0       0xd8 ./freertos/freertos_kernel/timers.o
 .debug_ranges  0x00000888      0x2b8 ./drivers/fsl_clock.o
 .debug_ranges  0x00000b40       0x58 ./drivers/fsl_common.o
 .debug_ranges  0x00000b98       0xc8 ./drivers/fsl_ctimer.o
 .debug_ranges  0x00000c60      0x120 ./drivers/fsl_dma.o
 .debug_ranges  0x00000d80       0x88 ./drivers/fsl_flexcomm.o
 .debug_ranges  0x00000e08       0x20 ./drivers/fsl_gpio.o
 .debug_ranges  0x00000e28       0x20 ./drivers/fsl_reset.o
 .debug_ranges  0x00000e48       0xb8 ./drivers/fsl_sctimer.o
 .debug_ranges  0x00000f00       0x58 ./device/system_LPC54628.o
 .debug_ranges  0x00000f58       0x20 ./board/board.o
 .debug_ranges  0x00000f78       0x40 ./board/clock_config.o
 .debug_ranges  0x00000fb8       0x30 ./board/pin_mux.o
 .debug_ranges  0x00000fe8       0x88 C:\Users\chris\OneDrive\Desktop\NXP-Git\nxp-aes-proj\libs\libpower_hardabi.a(fsl_power_lib.o)

.debug_macro    0x00000000    0x158c7
 .debug_macro   0x00000000      0x1cc ./utilities/fsl_assert.o
 .debug_macro   0x000001cc      0xae4 ./utilities/fsl_assert.o
 .debug_macro   0x00000cb0       0x10 ./utilities/fsl_assert.o
 .debug_macro   0x00000cc0       0x1c ./utilities/fsl_assert.o
 .debug_macro   0x00000cdc       0x22 ./utilities/fsl_assert.o
 .debug_macro   0x00000cfe      0x12e ./utilities/fsl_assert.o
 .debug_macro   0x00000e2c      0x5b3 ./utilities/fsl_assert.o
 .debug_macro   0x000013df       0x22 ./utilities/fsl_assert.o
 .debug_macro   0x00001401       0x10 ./utilities/fsl_assert.o
 .debug_macro   0x00001411       0x38 ./utilities/fsl_assert.o
 .debug_macro   0x00001449       0x1c ./utilities/fsl_assert.o
 .debug_macro   0x00001465       0x22 ./utilities/fsl_assert.o
 .debug_macro   0x00001487      0x101 ./utilities/fsl_assert.o
 .debug_macro   0x00001588     0x1011 ./utilities/fsl_assert.o
 .debug_macro   0x00002599      0x11f ./utilities/fsl_assert.o
 .debug_macro   0x000026b8       0x2e ./utilities/fsl_assert.o
 .debug_macro   0x000026e6     0xea45 ./utilities/fsl_assert.o
 .debug_macro   0x0001112b      0x365 ./utilities/fsl_assert.o
 .debug_macro   0x00011490       0xd7 ./utilities/fsl_assert.o
 .debug_macro   0x00011567      0x2a8 ./utilities/fsl_assert.o
 .debug_macro   0x0001180f       0x16 ./utilities/fsl_assert.o
 .debug_macro   0x00011825       0xe3 ./utilities/fsl_assert.o
 .debug_macro   0x00011908       0x2e ./utilities/fsl_assert.o
 .debug_macro   0x00011936      0x198 ./utilities/fsl_assert.o
 .debug_macro   0x00011ace      0x15a ./utilities/fsl_assert.o
 .debug_macro   0x00011c28       0xe4 ./utilities/fsl_assert.o
 .debug_macro   0x00011d0c       0x1c ./utilities/fsl_assert.o
 .debug_macro   0x00011d28       0x26 ./utilities/fsl_assert.o
 .debug_macro   0x00011d4e      0x3a0 ./utilities/fsl_assert.o
 .debug_macro   0x000120ee       0x28 ./utilities/fsl_assert.o
 .debug_macro   0x00012116       0x47 ./utilities/fsl_assert.o
 .debug_macro   0x0001215d       0x16 ./utilities/fsl_assert.o
 .debug_macro   0x00012173       0xd2 ./utilities/fsl_assert.o
 .debug_macro   0x00012245       0x1c ./utilities/fsl_assert.o
 .debug_macro   0x00012261       0x32 ./startup/startup_lpc54628.o
 .debug_macro   0x00012293       0x34 ./startup/startup_lpc54628.o
 .debug_macro   0x000122c7      0x1ed ./source/servo/servo.o
 .debug_macro   0x000124b4       0x2f ./source/servo/servo.o
 .debug_macro   0x000124e3       0x10 ./source/servo/servo.o
 .debug_macro   0x000124f3      0x20b ./source/servo/servo.o
 .debug_macro   0x000126fe       0x28 ./source/servo/servo.o
 .debug_macro   0x00012726      0x1ed ./source/rpmMeas/rpmMeas.o
 .debug_macro   0x00012913       0x10 ./source/rpmMeas/rpmMeas.o
 .debug_macro   0x00012923      0x1ed ./source/drive/drive.o
 .debug_macro   0x00012b10      0xae4 ./source/drive/drive.o
 .debug_macro   0x000135f4       0x3a ./source/drive/drive.o
 .debug_macro   0x0001362e      0x1e0 ./source/camera/camera.o
 .debug_macro   0x0001380e       0x10 ./source/camera/camera.o
 .debug_macro   0x0001381e       0x35 ./source/camera/camera.o
 .debug_macro   0x00013853       0x10 ./source/camera/camera.o
 .debug_macro   0x00013863      0x1c0 ./source/board/board_func.o
 .debug_macro   0x00013a23       0x16 ./source/board/board_func.o
 .debug_macro   0x00013a39       0x1c ./source/board/board_func.o
 .debug_macro   0x00013a55      0x285 ./source/main_gustl.o
 .debug_macro   0x00013cda       0x97 ./source/main_gustl.o
 .debug_macro   0x00013d71       0x40 ./source/main_gustl.o
 .debug_macro   0x00013db1       0x16 ./source/main_gustl.o
 .debug_macro   0x00013dc7      0x107 ./source/main_gustl.o
 .debug_macro   0x00013ece       0x11 ./source/semihost_hardfault.o
 .debug_macro   0x00013edf       0xdf ./freertos/freertos_kernel/portable/MemMang/heap_4.o
 .debug_macro   0x00013fbe      0x179 ./freertos/freertos_kernel/portable/GCC/ARM_CM4F/port.o
 .debug_macro   0x00014137       0xb8 ./freertos/freertos_kernel/list.o
 .debug_macro   0x000141ef      0x125 ./freertos/freertos_kernel/queue.o
 .debug_macro   0x00014314      0x192 ./freertos/freertos_kernel/tasks.o
 .debug_macro   0x000144a6       0x10 ./freertos/freertos_kernel/tasks.o
 .debug_macro   0x000144b6       0x16 ./freertos/freertos_kernel/tasks.o
 .debug_macro   0x000144cc      0x10d ./freertos/freertos_kernel/timers.o
 .debug_macro   0x000145d9      0x22f ./drivers/fsl_clock.o
 .debug_macro   0x00014808       0x22 ./drivers/fsl_clock.o
 .debug_macro   0x0001482a      0x124 ./drivers/fsl_common.o
 .debug_macro   0x0001494e      0x12e ./drivers/fsl_ctimer.o
 .debug_macro   0x00014a7c      0x12d ./drivers/fsl_dma.o
 .debug_macro   0x00014ba9       0x70 ./drivers/fsl_dma.o
 .debug_macro   0x00014c19      0x127 ./drivers/fsl_flexcomm.o
 .debug_macro   0x00014d40       0x10 ./drivers/fsl_flexcomm.o
 .debug_macro   0x00014d50      0x12e ./drivers/fsl_gpio.o
 .debug_macro   0x00014e7e      0x11e ./drivers/fsl_reset.o
 .debug_macro   0x00014f9c      0x12e ./drivers/fsl_sctimer.o
 .debug_macro   0x000150ca       0xdf ./device/system_LPC54628.o
 .debug_macro   0x000151a9      0x250 ./board/board.o
 .debug_macro   0x000153f9       0x58 ./board/board.o
 .debug_macro   0x00015451      0x13e ./board/clock_config.o
 .debug_macro   0x0001558f       0x1c ./board/clock_config.o
 .debug_macro   0x000155ab      0x139 ./board/pin_mux.o
 .debug_macro   0x000156e4       0xe2 ./board/pin_mux.o
 .debug_macro   0x000157c6      0x101 ./board/pin_mux.o

.debug_line     0x00000000     0xe64b
 .debug_line    0x00000000      0x5a4 ./utilities/fsl_assert.o
 .debug_line    0x000005a4      0x6dc ./startup/startup_lpc54628.o
 .debug_line    0x00000c80      0x61b ./source/servo/servo.o
 .debug_line    0x0000129b      0x5ce ./source/rpmMeas/rpmMeas.o
 .debug_line    0x00001869      0x65b ./source/drive/drive.o
 .debug_line    0x00001ec4      0x86a ./source/camera/camera.o
 .debug_line    0x0000272e      0x5ce ./source/board/board_func.o
 .debug_line    0x00002cfc      0x770 ./source/main_gustl.o
 .debug_line    0x0000346c       0x59 ./source/semihost_hardfault.o
 .debug_line    0x000034c5      0x647 ./freertos/freertos_kernel/portable/MemMang/heap_4.o
 .debug_line    0x00003b0c      0x648 ./freertos/freertos_kernel/portable/GCC/ARM_CM4F/port.o
 .debug_line    0x00004154      0x41d ./freertos/freertos_kernel/list.o
 .debug_line    0x00004571     0x1209 ./freertos/freertos_kernel/queue.o
 .debug_line    0x0000577a     0x1975 ./freertos/freertos_kernel/tasks.o
 .debug_line    0x000070ef      0xa09 ./freertos/freertos_kernel/timers.o
 .debug_line    0x00007af8     0x1e5b ./drivers/fsl_clock.o
 .debug_line    0x00009953      0x4ed ./drivers/fsl_common.o
 .debug_line    0x00009e40      0x8e5 ./drivers/fsl_ctimer.o
 .debug_line    0x0000a725      0xe1f ./drivers/fsl_dma.o
 .debug_line    0x0000b544      0x698 ./drivers/fsl_flexcomm.o
 .debug_line    0x0000bbdc      0x39d ./drivers/fsl_gpio.o
 .debug_line    0x0000bf79      0x3de ./drivers/fsl_reset.o
 .debug_line    0x0000c357      0x9be ./drivers/fsl_sctimer.o
 .debug_line    0x0000cd15      0x57f ./device/system_LPC54628.o
 .debug_line    0x0000d294      0x69b ./board/board.o
 .debug_line    0x0000d92f      0x46e ./board/clock_config.o
 .debug_line    0x0000dd9d      0x491 ./board/pin_mux.o
 .debug_line    0x0000e22e      0x41d C:\Users\chris\OneDrive\Desktop\NXP-Git\nxp-aes-proj\libs\libpower_hardabi.a(fsl_power_lib.o)

.debug_str      0x00000000    0x9c57d
 .debug_str     0x00000000    0x8d2e2 ./utilities/fsl_assert.o
                              0x8d39c (size before relaxing)
 .debug_str     0x0008d2e2      0x6ef ./startup/startup_lpc54628.o
                               0x364d (size before relaxing)
 .debug_str     0x0008d9d1     0x2f3c ./source/servo/servo.o
                              0x8f9a2 (size before relaxing)
 .debug_str     0x0009090d      0x193 ./source/rpmMeas/rpmMeas.o
                              0x8f9b7 (size before relaxing)
 .debug_str     0x00090aa0      0x2a9 ./source/drive/drive.o
                              0x8f9da (size before relaxing)
 .debug_str     0x00090d49      0xe6a ./source/camera/camera.o
                              0x90740 (size before relaxing)
 .debug_str     0x00091bb3       0x87 ./source/board/board_func.o
                              0x8ec7e (size before relaxing)
 .debug_str     0x00091c3a     0x1641 ./source/main_gustl.o
                              0x91063 (size before relaxing)
 .debug_str     0x0009327b       0x1f ./source/semihost_hardfault.o
                               0x2f0a (size before relaxing)
 .debug_str     0x0009329a      0x3b3 ./freertos/freertos_kernel/portable/MemMang/heap_4.o
                               0x8630 (size before relaxing)
 .debug_str     0x0009364d      0x847 ./freertos/freertos_kernel/portable/GCC/ARM_CM4F/port.o
                               0x8ac2 (size before relaxing)
 .debug_str     0x00093e94      0x135 ./freertos/freertos_kernel/list.o
                               0x7d42 (size before relaxing)
 .debug_str     0x00093fc9      0x8ba ./freertos/freertos_kernel/queue.o
                               0x93f0 (size before relaxing)
 .debug_str     0x00094883     0x14da ./freertos/freertos_kernel/tasks.o
                               0xa1d2 (size before relaxing)
 .debug_str     0x00095d5d      0x608 ./freertos/freertos_kernel/timers.o
                               0x9918 (size before relaxing)
 .debug_str     0x00096365     0x203d ./drivers/fsl_clock.o
                              0x8d6aa (size before relaxing)
 .debug_str     0x000983a2      0x16b ./drivers/fsl_common.o
                              0x8a870 (size before relaxing)
 .debug_str     0x0009850d      0x83a ./drivers/fsl_ctimer.o
                              0x8c245 (size before relaxing)
 .debug_str     0x00098d47     0x12fd ./drivers/fsl_dma.o
                              0x8ce53 (size before relaxing)